Archive member included to satisfy reference by file (symbol)

d:/st/stm32cubeide_1.3.0/stm32cubeide/plugins/com.st.stm32cube.ide.mcu.externaltools.gnu-tools-for-stm32.7-2018-q2-update.win32_1.0.0.201904181610/tools/bin/../lib/gcc/arm-none-eabi/7.3.1/../../../../arm-none-eabi/lib/thumb/v7-m\libc_nano.a(lib_a-errno.o)
                              Core/Src/syscalls.o (__errno)
d:/st/stm32cubeide_1.3.0/stm32cubeide/plugins/com.st.stm32cube.ide.mcu.externaltools.gnu-tools-for-stm32.7-2018-q2-update.win32_1.0.0.201904181610/tools/bin/../lib/gcc/arm-none-eabi/7.3.1/../../../../arm-none-eabi/lib/thumb/v7-m\libc_nano.a(lib_a-exit.o)
                              d:/st/stm32cubeide_1.3.0/stm32cubeide/plugins/com.st.stm32cube.ide.mcu.externaltools.gnu-tools-for-stm32.7-2018-q2-update.win32_1.0.0.201904181610/tools/bin/../lib/gcc/arm-none-eabi/7.3.1/../../../../arm-none-eabi/lib/thumb/v7-m/crt0.o (exit)
d:/st/stm32cubeide_1.3.0/stm32cubeide/plugins/com.st.stm32cube.ide.mcu.externaltools.gnu-tools-for-stm32.7-2018-q2-update.win32_1.0.0.201904181610/tools/bin/../lib/gcc/arm-none-eabi/7.3.1/../../../../arm-none-eabi/lib/thumb/v7-m\libc_nano.a(lib_a-impure.o)
                              d:/st/stm32cubeide_1.3.0/stm32cubeide/plugins/com.st.stm32cube.ide.mcu.externaltools.gnu-tools-for-stm32.7-2018-q2-update.win32_1.0.0.201904181610/tools/bin/../lib/gcc/arm-none-eabi/7.3.1/../../../../arm-none-eabi/lib/thumb/v7-m\libc_nano.a(lib_a-exit.o) (_global_impure_ptr)
d:/st/stm32cubeide_1.3.0/stm32cubeide/plugins/com.st.stm32cube.ide.mcu.externaltools.gnu-tools-for-stm32.7-2018-q2-update.win32_1.0.0.201904181610/tools/bin/../lib/gcc/arm-none-eabi/7.3.1/../../../../arm-none-eabi/lib/thumb/v7-m\libc_nano.a(lib_a-init.o)
                              d:/st/stm32cubeide_1.3.0/stm32cubeide/plugins/com.st.stm32cube.ide.mcu.externaltools.gnu-tools-for-stm32.7-2018-q2-update.win32_1.0.0.201904181610/tools/bin/../lib/gcc/arm-none-eabi/7.3.1/../../../../arm-none-eabi/lib/thumb/v7-m/crt0.o (__libc_init_array)
d:/st/stm32cubeide_1.3.0/stm32cubeide/plugins/com.st.stm32cube.ide.mcu.externaltools.gnu-tools-for-stm32.7-2018-q2-update.win32_1.0.0.201904181610/tools/bin/../lib/gcc/arm-none-eabi/7.3.1/../../../../arm-none-eabi/lib/thumb/v7-m\libc_nano.a(lib_a-memset.o)
                              d:/st/stm32cubeide_1.3.0/stm32cubeide/plugins/com.st.stm32cube.ide.mcu.externaltools.gnu-tools-for-stm32.7-2018-q2-update.win32_1.0.0.201904181610/tools/bin/../lib/gcc/arm-none-eabi/7.3.1/../../../../arm-none-eabi/lib/thumb/v7-m/crt0.o (memset)
d:/st/stm32cubeide_1.3.0/stm32cubeide/plugins/com.st.stm32cube.ide.mcu.externaltools.gnu-tools-for-stm32.7-2018-q2-update.win32_1.0.0.201904181610/tools/bin/../lib/gcc/arm-none-eabi/7.3.1/../../../../arm-none-eabi/lib/thumb/v7-m\libc_nano.a(lib_a-sprintf.o)
                              Core/Src/main.o (sprintf)
d:/st/stm32cubeide_1.3.0/stm32cubeide/plugins/com.st.stm32cube.ide.mcu.externaltools.gnu-tools-for-stm32.7-2018-q2-update.win32_1.0.0.201904181610/tools/bin/../lib/gcc/arm-none-eabi/7.3.1/../../../../arm-none-eabi/lib/thumb/v7-m\libc_nano.a(lib_a-strlen.o)
                              Core/Src/main.o (strlen)
d:/st/stm32cubeide_1.3.0/stm32cubeide/plugins/com.st.stm32cube.ide.mcu.externaltools.gnu-tools-for-stm32.7-2018-q2-update.win32_1.0.0.201904181610/tools/bin/../lib/gcc/arm-none-eabi/7.3.1/../../../../arm-none-eabi/lib/thumb/v7-m\libc_nano.a(lib_a-nano-svfprintf.o)
                              d:/st/stm32cubeide_1.3.0/stm32cubeide/plugins/com.st.stm32cube.ide.mcu.externaltools.gnu-tools-for-stm32.7-2018-q2-update.win32_1.0.0.201904181610/tools/bin/../lib/gcc/arm-none-eabi/7.3.1/../../../../arm-none-eabi/lib/thumb/v7-m\libc_nano.a(lib_a-sprintf.o) (_svfprintf_r)
d:/st/stm32cubeide_1.3.0/stm32cubeide/plugins/com.st.stm32cube.ide.mcu.externaltools.gnu-tools-for-stm32.7-2018-q2-update.win32_1.0.0.201904181610/tools/bin/../lib/gcc/arm-none-eabi/7.3.1/../../../../arm-none-eabi/lib/thumb/v7-m\libc_nano.a(lib_a-nano-vfprintf_i.o)
                              d:/st/stm32cubeide_1.3.0/stm32cubeide/plugins/com.st.stm32cube.ide.mcu.externaltools.gnu-tools-for-stm32.7-2018-q2-update.win32_1.0.0.201904181610/tools/bin/../lib/gcc/arm-none-eabi/7.3.1/../../../../arm-none-eabi/lib/thumb/v7-m\libc_nano.a(lib_a-nano-svfprintf.o) (_printf_i)
d:/st/stm32cubeide_1.3.0/stm32cubeide/plugins/com.st.stm32cube.ide.mcu.externaltools.gnu-tools-for-stm32.7-2018-q2-update.win32_1.0.0.201904181610/tools/bin/../lib/gcc/arm-none-eabi/7.3.1/../../../../arm-none-eabi/lib/thumb/v7-m\libc_nano.a(lib_a-memchr-stub.o)
                              d:/st/stm32cubeide_1.3.0/stm32cubeide/plugins/com.st.stm32cube.ide.mcu.externaltools.gnu-tools-for-stm32.7-2018-q2-update.win32_1.0.0.201904181610/tools/bin/../lib/gcc/arm-none-eabi/7.3.1/../../../../arm-none-eabi/lib/thumb/v7-m\libc_nano.a(lib_a-nano-svfprintf.o) (memchr)
[...]
Memory Configuration

Name             Origin             Length             Attributes
RAM              0x0000000020000000 0x0000000000005000 xrw
FLASH            0x0000000008000000 0x0000000000010000 xr
*default*        0x0000000000000000 0xffffffffffffffff

Linker script and memory map

LOAD d:/st/stm32cubeide_1.3.0/stm32cubeide/plugins/com.st.stm32cube.ide.mcu.externaltools.gnu-tools-for-stm32.7-2018-q2-update.win32_1.0.0.201904181610/tools/bin/../lib/gcc/arm-none-eabi/7.3.1/thumb/v7-m/crti.o
LOAD d:/st/stm32cubeide_1.3.0/stm32cubeide/plugins/com.st.stm32cube.ide.mcu.externaltools.gnu-tools-for-stm32.7-2018-q2-update.win32_1.0.0.201904181610/tools/bin/../lib/gcc/arm-none-eabi/7.3.1/thumb/v7-m/crtbegin.o
LOAD d:/st/stm32cubeide_1.3.0/stm32cubeide/plugins/com.st.stm32cube.ide.mcu.externaltools.gnu-tools-for-stm32.7-2018-q2-update.win32_1.0.0.201904181610/tools/bin/../lib/gcc/arm-none-eabi/7.3.1/../../../../arm-none-eabi/lib/thumb/v7-m/crt0.o
LOAD Core/Src/main.o
LOAD Core/Src/stm32f1xx_hal_msp.o
LOAD Core/Src/stm32f1xx_it.o
LOAD Core/Src/syscalls.o
LOAD Core/Src/sysmem.o
LOAD Core/Src/system_stm32f1xx.o
LOAD Core/Src/platform/deca_device.o
LOAD Core/Src/platform/deca_mutex.o
LOAD Core/Src/platform/deca_params_init.o
LOAD Core/Src/platform/deca_range_tables.o
LOAD Core/Src/platform/deca_sleep.o
LOAD Core/Src/platform/deca_spi.o
LOAD Core/Src/platform/port.o
LOAD Core/Src/platform/stdio.o
LOAD Core/Startup/startup_stm32f103c8tx.o
LOAD Drivers/STM32F1xx_HAL_Driver/Src/stm32f1xx_hal.o
LOAD Drivers/STM32F1xx_HAL_Driver/Src/stm32f1xx_hal_cortex.o
LOAD Drivers/STM32F1xx_HAL_Driver/Src/stm32f1xx_hal_dma.o
LOAD Drivers/STM32F1xx_HAL_Driver/Src/stm32f1xx_hal_exti.o
LOAD Drivers/STM32F1xx_HAL_Driver/Src/stm32f1xx_hal_flash.o
LOAD Drivers/STM32F1xx_HAL_Driver/Src/stm32f1xx_hal_flash_ex.o
LOAD Drivers/STM32F1xx_HAL_Driver/Src/stm32f1xx_hal_gpio.o
LOAD Drivers/STM32F1xx_HAL_Driver/Src/stm32f1xx_hal_gpio_ex.o
LOAD Drivers/STM32F1xx_HAL_Driver/Src/stm32f1xx_hal_pwr.o
LOAD Drivers/STM32F1xx_HAL_Driver/Src/stm32f1xx_hal_rcc.o
LOAD Drivers/STM32F1xx_HAL_Driver/Src/stm32f1xx_hal_rcc_ex.o
LOAD Drivers/STM32F1xx_HAL_Driver/Src/stm32f1xx_hal_spi.o
LOAD Drivers/STM32F1xx_HAL_Driver/Src/stm32f1xx_hal_tim.o
LOAD Drivers/STM32F1xx_HAL_Driver/Src/stm32f1xx_hal_tim_ex.o
LOAD Drivers/STM32F1xx_HAL_Driver/Src/stm32f1xx_hal_uart.o
START GROUP
LOAD d:/st/stm32cubeide_1.3.0/stm32cubeide/plugins/com.st.stm32cube.ide.mcu.externaltools.gnu-tools-for-stm32.7-2018-q2-update.win32_1.0.0.201904181610/tools/bin/../lib/gcc/arm-none-eabi/7.3.1/../../../../arm-none-eabi/lib/thumb/v7-m\libc_nano.a
LOAD d:/st/stm32cubeide_1.3.0/stm32cubeide/plugins/com.st.stm32cube.ide.mcu.externaltools.gnu-tools-for-stm32.7-2018-q2-update.win32_1.0.0.201904181610/tools/bin/../lib/gcc/arm-none-eabi/7.3.1/../../../../arm-none-eabi/lib/thumb/v7-m\libm.a
END GROUP
START GROUP
LOAD d:/st/stm32cubeide_1.3.0/stm32cubeide/plugins/com.st.stm32cube.ide.mcu.externaltools.gnu-tools-for-stm32.7-2018-q2-update.win32_1.0.0.201904181610/tools/bin/../lib/gcc/arm-none-eabi/7.3.1/thumb/v7-m\libgcc.a
LOAD d:/st/stm32cubeide_1.3.0/stm32cubeide/plugins/com.st.stm32cube.ide.mcu.externaltools.gnu-tools-for-stm32.7-2018-q2-update.win32_1.0.0.201904181610/tools/bin/../lib/gcc/arm-none-eabi/7.3.1/../../../../arm-none-eabi/lib/thumb/v7-m\libc_nano.a
END GROUP
START GROUP
LOAD d:/st/stm32cubeide_1.3.0/stm32cubeide/plugins/com.st.stm32cube.ide.mcu.externaltools.gnu-tools-for-stm32.7-2018-q2-update.win32_1.0.0.201904181610/tools/bin/../lib/gcc/arm-none-eabi/7.3.1/thumb/v7-m\libgcc.a
LOAD d:/st/stm32cubeide_1.3.0/stm32cubeide/plugins/com.st.stm32cube.ide.mcu.externaltools.gnu-tools-for-stm32.7-2018-q2-update.win32_1.0.0.201904181610/tools/bin/../lib/gcc/arm-none-eabi/7.3.1/../../../../arm-none-eabi/lib/thumb/v7-m\libc_nano.a
LOAD d:/st/stm32cubeide_1.3.0/stm32cubeide/plugins/com.st.stm32cube.ide.mcu.externaltools.gnu-tools-for-stm32.7-2018-q2-update.win32_1.0.0.201904181610/tools/bin/../lib/gcc/arm-none-eabi/7.3.1/../../../../arm-none-eabi/lib/thumb/v7-m\libnosys.a
END GROUP
START GROUP
LOAD d:/st/stm32cubeide_1.3.0/stm32cubeide/plugins/com.st.stm32cube.ide.mcu.externaltools.gnu-tools-for-stm32.7-2018-q2-update.win32_1.0.0.201904181610/tools/bin/../lib/gcc/arm-none-eabi/7.3.1/thumb/v7-m\libgcc.a
LOAD d:/st/stm32cubeide_1.3.0/stm32cubeide/plugins/com.st.stm32cube.ide.mcu.externaltools.gnu-tools-for-stm32.7-2018-q2-update.win32_1.0.0.201904181610/tools/bin/../lib/gcc/arm-none-eabi/7.3.1/../../../../arm-none-eabi/lib/thumb/v7-m\libc_nano.a
LOAD d:/st/stm32cubeide_1.3.0/stm32cubeide/plugins/com.st.stm32cube.ide.mcu.externaltools.gnu-tools-for-stm32.7-2018-q2-update.win32_1.0.0.201904181610/tools/bin/../lib/gcc/arm-none-eabi/7.3.1/../../../../arm-none-eabi/lib/thumb/v7-m\libnosys.a
END GROUP
LOAD d:/st/stm32cubeide_1.3.0/stm32cubeide/plugins/com.st.stm32cube.ide.mcu.externaltools.gnu-tools-for-stm32.7-2018-q2-update.win32_1.0.0.201904181610/tools/bin/../lib/gcc/arm-none-eabi/7.3.1/thumb/v7-m/crtend.o
LOAD d:/st/stm32cubeide_1.3.0/stm32cubeide/plugins/com.st.stm32cube.ide.mcu.externaltools.gnu-tools-for-stm32.7-2018-q2-update.win32_1.0.0.201904181610/tools/bin/../lib/gcc/arm-none-eabi/7.3.1/thumb/v7-m/crtn.o
                0x0000000020005000                _estack = (ORIGIN (RAM) + LENGTH (RAM))
                0x0000000000000200                _Min_Heap_Size = 0x200
                0x0000000000000400                _Min_Stack_Size = 0x400

.isr_vector     0x0000000008000000      0x10c
                0x0000000008000000                . = ALIGN (0x4)
 *(.isr_vector)
 .isr_vector    0x0000000008000000      0x10c Core/Startup/startup_stm32f103c8tx.o
                0x0000000008000000                g_pfnVectors
                0x000000000800010c                . = ALIGN (0x4)

.text           0x000000000800010c     0x2cb0
                0x000000000800010c                . = ALIGN (0x4)
 *(.text)
 .text          0x000000000800010c       0x40 d:/st/stm32cubeide_1.3.0/stm32cubeide/plugins/com.st.stm32cube.ide.mcu.externaltools.gnu-tools-for-stm32.7-2018-q2-update.win32_1.0.0.201904181610/tools/bin/../lib/gcc/arm-none-eabi/7.3.1/thumb/v7-m/crtbegin.o
 .text          0x000000000800014c       0x10 d:/st/stm32cubeide_1.3.0/stm32cubeide/plugins/com.st.stm32cube.ide.mcu.externaltools.gnu-tools-for-stm32.7-2018-q2-update.win32_1.0.0.201904181610/tools/bin/../lib/gcc/arm-none-eabi/7.3.1/../../../../arm-none-eabi/lib/thumb/v7-m\libc_nano.a(lib_a-strlen.o)
                0x000000000800014c                strlen
 *(.text*)
 .text.short_flash
                0x000000000800015c       0x30 Core/Src/main.o
                0x000000000800015c                short_flash
 .text.debugPrint
                0x000000000800018c       0x28 Core/Src/main.o
                0x000000000800018c                debugPrint
 .text.DW1000_init
                0x00000000080001b4       0x40 Core/Src/main.o
                0x00000000080001b4                DW1000_init
 .text.main     0x00000000080001f4      0x16c Core/Src/main.o
                0x00000000080001f4                main
 .text.SystemClock_Config
                0x0000000008000360       0x80 Core/Src/main.o
                0x0000000008000360                SystemClock_Config
 .text.MX_SPI1_Init
                0x00000000080003e0       0x6c Core/Src/main.o
 .text.MX_USART1_UART_Init
                0x000000000800044c       0x54 Core/Src/main.o
 .text.MX_GPIO_Init
                0x00000000080004a0       0xf8 Core/Src/main.o
 .text.Error_Handler
                0x0000000008000598        0xc Core/Src/main.o
                0x0000000008000598                Error_Handler
 .text.HAL_MspInit
                0x00000000080005a4       0x64 Core/Src/stm32f1xx_hal_msp.o
                0x00000000080005a4                HAL_MspInit
 .text.HAL_SPI_MspInit
                0x0000000008000608       0x94 Core/Src/stm32f1xx_hal_msp.o
                0x0000000008000608                HAL_SPI_MspInit
 .text.HAL_UART_MspInit
                0x000000000800069c       0x98 Core/Src/stm32f1xx_hal_msp.o
                0x000000000800069c                HAL_UART_MspInit
 .text.NMI_Handler
                0x0000000008000734        0xc Core/Src/stm32f1xx_it.o
                0x0000000008000734                NMI_Handler
 .text.HardFault_Handler
                0x0000000008000740        0x6 Core/Src/stm32f1xx_it.o
                0x0000000008000740                HardFault_Handler
 .text.MemManage_Handler
                0x0000000008000746        0x6 Core/Src/stm32f1xx_it.o
                0x0000000008000746                MemManage_Handler
 .text.BusFault_Handler
                0x000000000800074c        0x6 Core/Src/stm32f1xx_it.o
                0x000000000800074c                BusFault_Handler
 .text.UsageFault_Handler
                0x0000000008000752        0x6 Core/Src/stm32f1xx_it.o
                0x0000000008000752                UsageFault_Handler
 .text.SVC_Handler
                0x0000000008000758        0xc Core/Src/stm32f1xx_it.o
                0x0000000008000758                SVC_Handler
 .text.DebugMon_Handler
                0x0000000008000764        0xc Core/Src/stm32f1xx_it.o
                0x0000000008000764                DebugMon_Handler
 .text.PendSV_Handler
                0x0000000008000770        0xc Core/Src/stm32f1xx_it.o
                0x0000000008000770                PendSV_Handler
 .text.SysTick_Handler
                0x000000000800077c        0xc Core/Src/stm32f1xx_it.o
                0x000000000800077c                SysTick_Handler
 .text.SystemInit
                0x0000000008000788       0x68 Core/Src/system_stm32f1xx.o
                0x0000000008000788                SystemInit
 .text.dwt_initialise
                0x00000000080007f0      0x298 Core/Src/platform/deca_device.o
                0x00000000080007f0                dwt_initialise
 .text.dwt_readdevid
                0x0000000008000a88       0x12 Core/Src/platform/deca_device.o
                0x0000000008000a88                dwt_readdevid
 *fill*         0x0000000008000a9a        0x2 
 .text.dwt_configure
                0x0000000008000a9c      0x2d4 Core/Src/platform/deca_device.o
                0x0000000008000a9c                dwt_configure
 .text.dwt_writetxdata
                0x0000000008000d70       0x3c Core/Src/platform/deca_device.o
                0x0000000008000d70                dwt_writetxdata
 .text.dwt_writetxfctrl
                0x0000000008000dac       0x40 Core/Src/platform/deca_device.o
                0x0000000008000dac                dwt_writetxfctrl
 .text.dwt_writetodevice
                0x0000000008000dec       0xb8 Core/Src/platform/deca_device.o
                0x0000000008000dec                dwt_writetodevice
 .text.dwt_readfromdevice
                0x0000000008000ea4       0xb2 Core/Src/platform/deca_device.o
                0x0000000008000ea4                dwt_readfromdevice
 .text.dwt_read32bitoffsetreg
                0x0000000008000f56       0x4e Core/Src/platform/deca_device.o
                0x0000000008000f56                dwt_read32bitoffsetreg
 .text.dwt_read16bitoffsetreg
                0x0000000008000fa4       0x3a Core/Src/platform/deca_device.o
                0x0000000008000fa4                dwt_read16bitoffsetreg
 .text.dwt_write8bitoffsetreg
                0x0000000008000fde       0x26 Core/Src/platform/deca_device.o
                0x0000000008000fde                dwt_write8bitoffsetreg
 .text.dwt_write16bitoffsetreg
                0x0000000008001004       0x38 Core/Src/platform/deca_device.o
                0x0000000008001004                dwt_write16bitoffsetreg
 .text.dwt_write32bitoffsetreg
                0x000000000800103c       0x4e Core/Src/platform/deca_device.o
                0x000000000800103c                dwt_write32bitoffsetreg
 .text._dwt_otpread
                0x000000000800108a       0x3e Core/Src/platform/deca_device.o
                0x000000000800108a                _dwt_otpread
 .text._dwt_aonarrayupload
                0x00000000080010c8       0x1c Core/Src/platform/deca_device.o
                0x00000000080010c8                _dwt_aonarrayupload
 .text._dwt_configlde
                0x00000000080010e4       0x40 Core/Src/platform/deca_device.o
                0x00000000080010e4                _dwt_configlde
 .text._dwt_loaducodefromrom
                0x0000000008001124       0x26 Core/Src/platform/deca_device.o
                0x0000000008001124                _dwt_loaducodefromrom
 *fill*         0x000000000800114a        0x2 
 .text._dwt_enableclocks
                0x000000000800114c      0x134 Core/Src/platform/deca_device.o
                0x000000000800114c                _dwt_enableclocks
 .text._dwt_disablesequencing
                0x0000000008001280       0x18 Core/Src/platform/deca_device.o
                0x0000000008001280                _dwt_disablesequencing
 .text.dwt_starttx
                0x0000000008001298       0x9c Core/Src/platform/deca_device.o
                0x0000000008001298                dwt_starttx
 .text.dwt_softreset
                0x0000000008001334       0x4c Core/Src/platform/deca_device.o
                0x0000000008001334                dwt_softreset
 .text.dwt_setxtaltrim
                0x0000000008001380       0x30 Core/Src/platform/deca_device.o
                0x0000000008001380                dwt_setxtaltrim
 .text.decamutexon
                0x00000000080013b0       0x22 Core/Src/platform/deca_mutex.o
                0x00000000080013b0                decamutexon
 .text.decamutexoff
                0x00000000080013d2       0x1a Core/Src/platform/deca_mutex.o
                0x00000000080013d2                decamutexoff
 .text.deca_sleep
                0x00000000080013ec       0x16 Core/Src/platform/deca_sleep.o
                0x00000000080013ec                deca_sleep
 *fill*         0x0000000008001402        0x2 
 .text.writetospi
                0x0000000008001404       0x68 Core/Src/platform/deca_spi.o
                0x0000000008001404                writetospi
 .text.readfromspi
                0x000000000800146c       0x80 Core/Src/platform/deca_spi.o
                0x000000000800146c                readfromspi
 .text.__NVIC_EnableIRQ
                0x00000000080014ec       0x38 Core/Src/platform/port.o
 .text.__NVIC_DisableIRQ
                0x0000000008001524       0x44 Core/Src/platform/port.o
 .text.usleep   0x0000000008001568       0x50 Core/Src/platform/port.o
                0x0000000008001568                usleep
 .text.Sleep    0x00000000080015b8       0x16 Core/Src/platform/port.o
                0x00000000080015b8                Sleep
 *fill*         0x00000000080015ce        0x2 
 .text.EXTI_GetITEnStatus
                0x00000000080015d0       0x38 Core/Src/platform/port.o
                0x00000000080015d0                EXTI_GetITEnStatus
 .text.reset_DW1000
                0x0000000008001608       0x48 Core/Src/platform/port.o
                0x0000000008001608                reset_DW1000
 .text.port_set_dw1000_slowrate
                0x0000000008001650       0x18 Core/Src/platform/port.o
                0x0000000008001650                port_set_dw1000_slowrate
 .text.port_set_dw1000_fastrate
                0x0000000008001668       0x18 Core/Src/platform/port.o
                0x0000000008001668                port_set_dw1000_fastrate
 .text.port_DisableEXT_IRQ
                0x0000000008001680        0xe Core/Src/platform/port.o
                0x0000000008001680                port_DisableEXT_IRQ
 .text.port_EnableEXT_IRQ
                0x000000000800168e        0xe Core/Src/platform/port.o
                0x000000000800168e                port_EnableEXT_IRQ
 .text.port_GetEXT_IRQStatus
                0x000000000800169c       0x10 Core/Src/platform/port.o
                0x000000000800169c                port_GetEXT_IRQStatus
 .text.Reset_Handler
                0x00000000080016ac       0x48 Core/Startup/startup_stm32f103c8tx.o
                0x00000000080016ac                Reset_Handler
 .text.Default_Handler
                0x00000000080016f4        0x2 Core/Startup/startup_stm32f103c8tx.o
                0x00000000080016f4                RTC_Alarm_IRQHandler
                0x00000000080016f4                EXTI2_IRQHandler
                0x00000000080016f4                TIM1_CC_IRQHandler
                0x00000000080016f4                PVD_IRQHandler
                0x00000000080016f4                EXTI3_IRQHandler
                0x00000000080016f4                EXTI0_IRQHandler
                0x00000000080016f4                I2C2_EV_IRQHandler
                0x00000000080016f4                ADC1_2_IRQHandler
                0x00000000080016f4                SPI1_IRQHandler
                0x00000000080016f4                TAMPER_IRQHandler
                0x00000000080016f4                DMA1_Channel4_IRQHandler
                0x00000000080016f4                USART3_IRQHandler
                0x00000000080016f4                RTC_IRQHandler
                0x00000000080016f4                DMA1_Channel7_IRQHandler
                0x00000000080016f4                CAN1_RX1_IRQHandler
                0x00000000080016f4                TIM4_IRQHandler
                0x00000000080016f4                I2C1_EV_IRQHandler
                0x00000000080016f4                DMA1_Channel6_IRQHandler
                0x00000000080016f4                TIM3_IRQHandler
                0x00000000080016f4                RCC_IRQHandler
                0x00000000080016f4                TIM1_TRG_COM_IRQHandler
                0x00000000080016f4                DMA1_Channel1_IRQHandler
                0x00000000080016f4                Default_Handler
                0x00000000080016f4                EXTI15_10_IRQHandler
                0x00000000080016f4                EXTI9_5_IRQHandler
                0x00000000080016f4                SPI2_IRQHandler
                0x00000000080016f4                DMA1_Channel5_IRQHandler
                0x00000000080016f4                EXTI4_IRQHandler
                0x00000000080016f4                USB_LP_CAN1_RX0_IRQHandler
                0x00000000080016f4                USB_HP_CAN1_TX_IRQHandler
                0x00000000080016f4                DMA1_Channel3_IRQHandler
                0x00000000080016f4                TIM1_UP_IRQHandler
                0x00000000080016f4                WWDG_IRQHandler
                0x00000000080016f4                TIM2_IRQHandler
                0x00000000080016f4                TIM1_BRK_IRQHandler
                0x00000000080016f4                EXTI1_IRQHandler
                0x00000000080016f4                USART2_IRQHandler
                0x00000000080016f4                I2C2_ER_IRQHandler
                0x00000000080016f4                DMA1_Channel2_IRQHandler
                0x00000000080016f4                CAN1_SCE_IRQHandler
                0x00000000080016f4                FLASH_IRQHandler
                0x00000000080016f4                USART1_IRQHandler
                0x00000000080016f4                I2C1_ER_IRQHandler
                0x00000000080016f4                USBWakeUp_IRQHandler
 *fill*         0x00000000080016f6        0x2 
 .text.HAL_Init
                0x00000000080016f8       0x2c Drivers/STM32F1xx_HAL_Driver/Src/stm32f1xx_hal.o
                0x00000000080016f8                HAL_Init
 .text.HAL_InitTick
                0x0000000008001724       0x60 Drivers/STM32F1xx_HAL_Driver/Src/stm32f1xx_hal.o
                0x0000000008001724                HAL_InitTick
 .text.HAL_IncTick
                0x0000000008001784       0x24 Drivers/STM32F1xx_HAL_Driver/Src/stm32f1xx_hal.o
                0x0000000008001784                HAL_IncTick
 .text.HAL_GetTick
                0x00000000080017a8       0x14 Drivers/STM32F1xx_HAL_Driver/Src/stm32f1xx_hal.o
                0x00000000080017a8                HAL_GetTick
 .text.HAL_Delay
                0x00000000080017bc       0x44 Drivers/STM32F1xx_HAL_Driver/Src/stm32f1xx_hal.o
                0x00000000080017bc                HAL_Delay
 .text.__NVIC_SetPriorityGrouping
                0x0000000008001800       0x48 Drivers/STM32F1xx_HAL_Driver/Src/stm32f1xx_hal_cortex.o
 .text.__NVIC_GetPriorityGrouping
                0x0000000008001848       0x1c Drivers/STM32F1xx_HAL_Driver/Src/stm32f1xx_hal_cortex.o
 .text.__NVIC_SetPriority
                0x0000000008001864       0x54 Drivers/STM32F1xx_HAL_Driver/Src/stm32f1xx_hal_cortex.o
 .text.NVIC_EncodePriority
                0x00000000080018b8       0x64 Drivers/STM32F1xx_HAL_Driver/Src/stm32f1xx_hal_cortex.o
 .text.SysTick_Config
                0x000000000800191c       0x44 Drivers/STM32F1xx_HAL_Driver/Src/stm32f1xx_hal_cortex.o
 .text.HAL_NVIC_SetPriorityGrouping
                0x0000000008001960       0x16 Drivers/STM32F1xx_HAL_Driver/Src/stm32f1xx_hal_cortex.o
                0x0000000008001960                HAL_NVIC_SetPriorityGrouping
 .text.HAL_NVIC_SetPriority
                0x0000000008001976       0x38 Drivers/STM32F1xx_HAL_Driver/Src/stm32f1xx_hal_cortex.o
                0x0000000008001976                HAL_NVIC_SetPriority
 .text.HAL_SYSTICK_Config
                0x00000000080019ae       0x18 Drivers/STM32F1xx_HAL_Driver/Src/stm32f1xx_hal_cortex.o
                0x00000000080019ae                HAL_SYSTICK_Config
 *fill*         0x00000000080019c6        0x2 
 .text.HAL_GPIO_Init
                0x00000000080019c8      0x2b4 Drivers/STM32F1xx_HAL_Driver/Src/stm32f1xx_hal_gpio.o
                0x00000000080019c8                HAL_GPIO_Init
 .text.HAL_GPIO_WritePin
                0x0000000008001c7c       0x30 Drivers/STM32F1xx_HAL_Driver/Src/stm32f1xx_hal_gpio.o
                0x0000000008001c7c                HAL_GPIO_WritePin
 .text.HAL_RCC_OscConfig
                0x0000000008001cac      0x500 Drivers/STM32F1xx_HAL_Driver/Src/stm32f1xx_hal_rcc.o
                0x0000000008001cac                HAL_RCC_OscConfig
 .text.HAL_RCC_ClockConfig
                0x00000000080021ac      0x1d4 Drivers/STM32F1xx_HAL_Driver/Src/stm32f1xx_hal_rcc.o
                0x00000000080021ac                HAL_RCC_ClockConfig
 .text.HAL_RCC_GetSysClockFreq
                0x0000000008002380       0xc4 Drivers/STM32F1xx_HAL_Driver/Src/stm32f1xx_hal_rcc.o
                0x0000000008002380                HAL_RCC_GetSysClockFreq
 .text.HAL_RCC_GetHCLKFreq
                0x0000000008002444       0x14 Drivers/STM32F1xx_HAL_Driver/Src/stm32f1xx_hal_rcc.o
                0x0000000008002444                HAL_RCC_GetHCLKFreq
 .text.HAL_RCC_GetPCLK1Freq
                0x0000000008002458       0x28 Drivers/STM32F1xx_HAL_Driver/Src/stm32f1xx_hal_rcc.o
                0x0000000008002458                HAL_RCC_GetPCLK1Freq
 .text.HAL_RCC_GetPCLK2Freq
                0x0000000008002480       0x28 Drivers/STM32F1xx_HAL_Driver/Src/stm32f1xx_hal_rcc.o
                0x0000000008002480                HAL_RCC_GetPCLK2Freq
 .text.RCC_Delay
                0x00000000080024a8       0x3c Drivers/STM32F1xx_HAL_Driver/Src/stm32f1xx_hal_rcc.o
 .text.HAL_SPI_Init
                0x00000000080024e4       0xc2 Drivers/STM32F1xx_HAL_Driver/Src/stm32f1xx_hal_spi.o
                0x00000000080024e4                HAL_SPI_Init
 .text.HAL_SPI_Transmit
                0x00000000080025a6      0x268 Drivers/STM32F1xx_HAL_Driver/Src/stm32f1xx_hal_spi.o
                0x00000000080025a6                HAL_SPI_Transmit
 .text.HAL_SPI_GetState
                0x000000000800280e       0x1a Drivers/STM32F1xx_HAL_Driver/Src/stm32f1xx_hal_spi.o
                0x000000000800280e                HAL_SPI_GetState
 .text.SPI_WaitFlagStateUntilTimeout
                0x0000000008002828       0xd4 Drivers/STM32F1xx_HAL_Driver/Src/stm32f1xx_hal_spi.o
 .text.SPI_EndRxTxTransaction
                0x00000000080028fc       0x3c Drivers/STM32F1xx_HAL_Driver/Src/stm32f1xx_hal_spi.o
 .text.HAL_UART_Init
                0x0000000008002938       0x9a Drivers/STM32F1xx_HAL_Driver/Src/stm32f1xx_hal_uart.o
                0x0000000008002938                HAL_UART_Init
 .text.HAL_UART_Transmit
                0x00000000080029d2      0x132 Drivers/STM32F1xx_HAL_Driver/Src/stm32f1xx_hal_uart.o
                0x00000000080029d2                HAL_UART_Transmit
 .text.UART_WaitOnFlagUntilTimeout
                0x0000000008002b04       0x94 Drivers/STM32F1xx_HAL_Driver/Src/stm32f1xx_hal_uart.o
 .text.UART_SetConfig
                0x0000000008002b98      0x1b4 Drivers/STM32F1xx_HAL_Driver/Src/stm32f1xx_hal_uart.o
 .text.__libc_init_array
                0x0000000008002d4c       0x48 d:/st/stm32cubeide_1.3.0/stm32cubeide/plugins/com.st.stm32cube.ide.mcu.externaltools.gnu-tools-for-stm32.7-2018-q2-update.win32_1.0.0.201904181610/tools/bin/../lib/gcc/arm-none-eabi/7.3.1/../../../../arm-none-eabi/lib/thumb/v7-m\libc_nano.a(lib_a-init.o)
                0x0000000008002d4c                __libc_init_array
 .text.memset   0x0000000008002d94       0x10 d:/st/stm32cubeide_1.3.0/stm32cubeide/plugins/com.st.stm32cube.ide.mcu.externaltools.gnu-tools-for-stm32.7-2018-q2-update.win32_1.0.0.201904181610/tools/bin/../lib/gcc/arm-none-eabi/7.3.1/../../../../arm-none-eabi/lib/thumb/v7-m\libc_nano.a(lib_a-memset.o)
                0x0000000008002d94                memset
 *(.glue_7)
 .glue_7        0x0000000008002da4        0x0 linker stubs
 *(.glue_7t)
 .glue_7t       0x0000000008002da4        0x0 linker stubs
 *(.eh_frame)
 .eh_frame      0x0000000008002da4        0x0 d:/st/stm32cubeide_1.3.0/stm32cubeide/plugins/com.st.stm32cube.ide.mcu.externaltools.gnu-tools-for-stm32.7-2018-q2-update.win32_1.0.0.201904181610/tools/bin/../lib/gcc/arm-none-eabi/7.3.1/thumb/v7-m/crtbegin.o
 *(.init)
 .init          0x0000000008002da4        0x4 d:/st/stm32cubeide_1.3.0/stm32cubeide/plugins/com.st.stm32cube.ide.mcu.externaltools.gnu-tools-for-stm32.7-2018-q2-update.win32_1.0.0.201904181610/tools/bin/../lib/gcc/arm-none-eabi/7.3.1/thumb/v7-m/crti.o
                0x0000000008002da4                _init
 .init          0x0000000008002da8        0x8 d:/st/stm32cubeide_1.3.0/stm32cubeide/plugins/com.st.stm32cube.ide.mcu.externaltools.gnu-tools-for-stm32.7-2018-q2-update.win32_1.0.0.201904181610/tools/bin/../lib/gcc/arm-none-eabi/7.3.1/thumb/v7-m/crtn.o
 *(.fini)
 .fini          0x0000000008002db0        0x4 d:/st/stm32cubeide_1.3.0/stm32cubeide/plugins/com.st.stm32cube.ide.mcu.externaltools.gnu-tools-for-stm32.7-2018-q2-update.win32_1.0.0.201904181610/tools/bin/../lib/gcc/arm-none-eabi/7.3.1/thumb/v7-m/crti.o
                0x0000000008002db0                _fini
 .fini          0x0000000008002db4        0x8 d:/st/stm32cubeide_1.3.0/stm32cubeide/plugins/com.st.stm32cube.ide.mcu.externaltools.gnu-tools-for-stm32.7-2018-q2-update.win32_1.0.0.201904181610/tools/bin/../lib/gcc/arm-none-eabi/7.3.1/thumb/v7-m/crtn.o
                0x0000000008002dbc                . = ALIGN (0x4)
                0x0000000008002dbc                _etext = .

.vfp11_veneer   0x0000000008002dbc        0x0
 .vfp11_veneer  0x0000000008002dbc        0x0 linker stubs

.v4_bx          0x0000000008002dbc        0x0
 .v4_bx         0x0000000008002dbc        0x0 linker stubs

.iplt           0x0000000008002dbc        0x0
 .iplt          0x0000000008002dbc        0x0 d:/st/stm32cubeide_1.3.0/stm32cubeide/plugins/com.st.stm32cube.ide.mcu.externaltools.gnu-tools-for-stm32.7-2018-q2-update.win32_1.0.0.201904181610/tools/bin/../lib/gcc/arm-none-eabi/7.3.1/thumb/v7-m/crtbegin.o

.rodata         0x0000000008002dbc      0x30c
                0x0000000008002dbc                . = ALIGN (0x4)
 *(.rodata)
 .rodata        0x0000000008002dbc      0x22a Core/Src/main.o
 *fill*         0x0000000008002fe6        0x2 
 .rodata        0x0000000008002fe8       0x12 Drivers/STM32F1xx_HAL_Driver/Src/stm32f1xx_hal_rcc.o
 *(.rodata*)
 *fill*         0x0000000008002ffa        0x2 
 .rodata.AHBPrescTable
                0x0000000008002ffc       0x10 Core/Src/system_stm32f1xx.o
                0x0000000008002ffc                AHBPrescTable
 .rodata.APBPrescTable
                0x000000000800300c        0x8 Core/Src/system_stm32f1xx.o
                0x000000000800300c                APBPrescTable
 .rodata.chan_idx
                0x0000000008003014        0x8 Core/Src/platform/deca_params_init.o
                0x0000000008003014                chan_idx
 .rodata.tx_config
                0x000000000800301c       0x18 Core/Src/platform/deca_params_init.o
                0x000000000800301c                tx_config
 .rodata.fs_pll_cfg
                0x0000000008003034       0x18 Core/Src/platform/deca_params_init.o
                0x0000000008003034                fs_pll_cfg
 .rodata.fs_pll_tune
                0x000000000800304c        0x6 Core/Src/platform/deca_params_init.o
                0x000000000800304c                fs_pll_tune
 *fill*         0x0000000008003052        0x2 
 .rodata.rx_config
                0x0000000008003054        0x2 Core/Src/platform/deca_params_init.o
                0x0000000008003054                rx_config
 *fill*         0x0000000008003056        0x2 
 .rodata.agc_config
                0x0000000008003058        0x8 Core/Src/platform/deca_params_init.o
                0x0000000008003058                agc_config
 .rodata.dwnsSFDlen
                0x0000000008003060        0x3 Core/Src/platform/deca_params_init.o
                0x0000000008003060                dwnsSFDlen
 *fill*         0x0000000008003063        0x1 
 .rodata.sftsh  0x0000000008003064        0xc Core/Src/platform/deca_params_init.o
                0x0000000008003064                sftsh
 .rodata.dtune1
                0x0000000008003070        0x4 Core/Src/platform/deca_params_init.o
                0x0000000008003070                dtune1
 .rodata.digital_bb_config
                0x0000000008003074       0x20 Core/Src/platform/deca_params_init.o
                0x0000000008003074                digital_bb_config
 .rodata.lde_replicaCoeff
                0x0000000008003094       0x32 Core/Src/platform/deca_params_init.o
                0x0000000008003094                lde_replicaCoeff
                0x00000000080030c8                . = ALIGN (0x4)
 *fill*         0x00000000080030c6        0x2 

.rel.dyn        0x00000000080030c8        0x0
 .rel.iplt      0x00000000080030c8        0x0 d:/st/stm32cubeide_1.3.0/stm32cubeide/plugins/com.st.stm32cube.ide.mcu.externaltools.gnu-tools-for-stm32.7-2018-q2-update.win32_1.0.0.201904181610/tools/bin/../lib/gcc/arm-none-eabi/7.3.1/thumb/v7-m/crtbegin.o

.ARM.extab      0x00000000080030c8        0x0
                0x00000000080030c8                . = ALIGN (0x4)
 *(.ARM.extab* .gnu.linkonce.armextab.*)
                0x00000000080030c8                . = ALIGN (0x4)

.ARM            0x00000000080030c8        0x0
                0x00000000080030c8                . = ALIGN (0x4)
                0x00000000080030c8                __exidx_start = .
 *(.ARM.exidx*)
                0x00000000080030c8                __exidx_end = .
                0x00000000080030c8                . = ALIGN (0x4)

.preinit_array  0x00000000080030c8        0x0
                0x00000000080030c8                . = ALIGN (0x4)
                0x00000000080030c8                PROVIDE (__preinit_array_start = .)
 *(.preinit_array*)
                0x00000000080030c8                PROVIDE (__preinit_array_end = .)
                0x00000000080030c8                . = ALIGN (0x4)

.init_array     0x00000000080030c8        0x4
                0x00000000080030c8                . = ALIGN (0x4)
                0x00000000080030c8                PROVIDE (__init_array_start = .)
 *(SORT_BY_NAME(.init_array.*))
 *(.init_array*)
 .init_array    0x00000000080030c8        0x4 d:/st/stm32cubeide_1.3.0/stm32cubeide/plugins/com.st.stm32cube.ide.mcu.externaltools.gnu-tools-for-stm32.7-2018-q2-update.win32_1.0.0.201904181610/tools/bin/../lib/gcc/arm-none-eabi/7.3.1/thumb/v7-m/crtbegin.o
                0x00000000080030cc                PROVIDE (__init_array_end = .)
                0x00000000080030cc                . = ALIGN (0x4)

.fini_array     0x00000000080030cc        0x4
                0x00000000080030cc                . = ALIGN (0x4)
                [!provide]                        PROVIDE (__fini_array_start = .)
 *(SORT_BY_NAME(.fini_array.*))
 *(.fini_array*)
 .fini_array    0x00000000080030cc        0x4 d:/st/stm32cubeide_1.3.0/stm32cubeide/plugins/com.st.stm32cube.ide.mcu.externaltools.gnu-tools-for-stm32.7-2018-q2-update.win32_1.0.0.201904181610/tools/bin/../lib/gcc/arm-none-eabi/7.3.1/thumb/v7-m/crtbegin.o
                [!provide]                        PROVIDE (__fini_array_end = .)
                0x00000000080030d0                . = ALIGN (0x4)
                0x00000000080030d0                _sidata = LOADADDR (.data)

.data           0x0000000020000000       0x28 load address 0x00000000080030d0
                0x0000000020000000                . = ALIGN (0x4)
                0x0000000020000000                _sdata = .
 *(.data)
 *(.data*)
 .data.config   0x0000000020000000        0xc Core/Src/main.o
 .data.tx_msg   0x000000002000000c        0xc Core/Src/main.o
 .data.SystemCoreClock
                0x0000000020000018        0x4 Core/Src/system_stm32f1xx.o
                0x0000000020000018                SystemCoreClock
 .data.pdw1000local
                0x000000002000001c        0x4 Core/Src/platform/deca_device.o
 .data.uwTickPrio
                0x0000000020000020        0x4 Drivers/STM32F1xx_HAL_Driver/Src/stm32f1xx_hal.o
                0x0000000020000020                uwTickPrio
 .data.uwTickFreq
                0x0000000020000024        0x1 Drivers/STM32F1xx_HAL_Driver/Src/stm32f1xx_hal.o
                0x0000000020000024                uwTickFreq
                0x0000000020000028                . = ALIGN (0x4)
 *fill*         0x0000000020000025        0x3 
                0x0000000020000028                _edata = .

.igot.plt       0x0000000020000028        0x0 load address 0x00000000080030f8
 .igot.plt      0x0000000020000028        0x0 d:/st/stm32cubeide_1.3.0/stm32cubeide/plugins/com.st.stm32cube.ide.mcu.externaltools.gnu-tools-for-stm32.7-2018-q2-update.win32_1.0.0.201904181610/tools/bin/../lib/gcc/arm-none-eabi/7.3.1/thumb/v7-m/crtbegin.o
                0x0000000020000028                . = ALIGN (0x4)

.bss            0x0000000020000028       0xf0 load address 0x00000000080030f8
                0x0000000020000028                _sbss = .
                0x0000000020000028                __bss_start__ = _sbss
 *(.bss)
 .bss           0x0000000020000028       0x1c d:/st/stm32cubeide_1.3.0/stm32cubeide/plugins/com.st.stm32cube.ide.mcu.externaltools.gnu-tools-for-stm32.7-2018-q2-update.win32_1.0.0.201904181610/tools/bin/../lib/gcc/arm-none-eabi/7.3.1/thumb/v7-m/crtbegin.o
 *(.bss*)
 .bss.dw1000local
                0x0000000020000044       0x38 Core/Src/platform/deca_device.o
 *(COMMON)
 COMMON         0x000000002000007c       0x98 Core/Src/main.o
                0x000000002000007c                huart1
                0x00000000200000bc                hspi1
 COMMON         0x0000000020000114        0x4 Drivers/STM32F1xx_HAL_Driver/Src/stm32f1xx_hal.o
                0x0000000020000114                uwTick
                0x0000000020000118                . = ALIGN (0x4)
                0x0000000020000118                _ebss = .
                0x0000000020000118                __bss_end__ = _ebss

._user_heap_stack
                0x0000000020000118      0x600 load address 0x00000000080030f8
                0x0000000020000118                . = ALIGN (0x8)
                0x0000000020000118                PROVIDE (end = .)
                [!provide]                        PROVIDE (_end = .)
                0x0000000020000318                . = (. + _Min_Heap_Size)
 *fill*         0x0000000020000118      0x200 
                0x0000000020000718                . = (. + _Min_Stack_Size)
 *fill*         0x0000000020000318      0x400 
                0x0000000020000718                . = ALIGN (0x8)

/DISCARD/
 libc.a(*)
 libm.a(*)
 libgcc.a(*)

.ARM.attributes
                0x0000000000000000       0x29
 *(.ARM.attributes)
 .ARM.attributes
                0x0000000000000000       0x1d d:/st/stm32cubeide_1.3.0/stm32cubeide/plugins/com.st.stm32cube.ide.mcu.externaltools.gnu-tools-for-stm32.7-2018-q2-update.win32_1.0.0.201904181610/tools/bin/../lib/gcc/arm-none-eabi/7.3.1/thumb/v7-m/crti.o
 .ARM.attributes
                0x000000000000001d       0x2d d:/st/stm32cubeide_1.3.0/stm32cubeide/plugins/com.st.stm32cube.ide.mcu.externaltools.gnu-tools-for-stm32.7-2018-q2-update.win32_1.0.0.201904181610/tools/bin/../lib/gcc/arm-none-eabi/7.3.1/thumb/v7-m/crtbegin.o
 .ARM.attributes
                0x000000000000004a       0x33 Core/Src/main.o
 .ARM.attributes
                0x000000000000007d       0x33 Core/Src/stm32f1xx_hal_msp.o
 .ARM.attributes
                0x00000000000000b0       0x33 Core/Src/stm32f1xx_it.o
 .ARM.attributes
                0x00000000000000e3       0x33 Core/Src/system_stm32f1xx.o
 .ARM.attributes
                0x0000000000000116       0x33 Core/Src/platform/deca_device.o
 .ARM.attributes
                0x0000000000000149       0x33 Core/Src/platform/deca_mutex.o
 .ARM.attributes
                0x000000000000017c       0x33 Core/Src/platform/deca_params_init.o
 .ARM.attributes
                0x00000000000001af       0x33 Core/Src/platform/deca_sleep.o
 .ARM.attributes
                0x00000000000001e2       0x33 Core/Src/platform/deca_spi.o
 .ARM.attributes
                0x0000000000000215       0x33 Core/Src/platform/port.o
 .ARM.attributes
                0x0000000000000248       0x21 Core/Startup/startup_stm32f103c8tx.o
 .ARM.attributes
                0x0000000000000269       0x33 Drivers/STM32F1xx_HAL_Driver/Src/stm32f1xx_hal.o
 .ARM.attributes
                0x000000000000029c       0x33 Drivers/STM32F1xx_HAL_Driver/Src/stm32f1xx_hal_cortex.o
 .ARM.attributes
                0x00000000000002cf       0x33 Drivers/STM32F1xx_HAL_Driver/Src/stm32f1xx_hal_gpio.o
 .ARM.attributes
                0x0000000000000302       0x33 Drivers/STM32F1xx_HAL_Driver/Src/stm32f1xx_hal_rcc.o
 .ARM.attributes
                0x0000000000000335       0x33 Drivers/STM32F1xx_HAL_Driver/Src/stm32f1xx_hal_spi.o
 .ARM.attributes
                0x0000000000000368       0x33 Drivers/STM32F1xx_HAL_Driver/Src/stm32f1xx_hal_uart.o
 .ARM.attributes
                0x000000000000039b       0x2d d:/st/stm32cubeide_1.3.0/stm32cubeide/plugins/com.st.stm32cube.ide.mcu.externaltools.gnu-tools-for-stm32.7-2018-q2-update.win32_1.0.0.201904181610/tools/bin/../lib/gcc/arm-none-eabi/7.3.1/../../../../arm-none-eabi/lib/thumb/v7-m\libc_nano.a(lib_a-init.o)
 .ARM.attributes
                0x00000000000003c8       0x2d d:/st/stm32cubeide_1.3.0/stm32cubeide/plugins/com.st.stm32cube.ide.mcu.externaltools.gnu-tools-for-stm32.7-2018-q2-update.win32_1.0.0.201904181610/tools/bin/../lib/gcc/arm-none-eabi/7.3.1/../../../../arm-none-eabi/lib/thumb/v7-m\libc_nano.a(lib_a-memset.o)
 .ARM.attributes
                0x00000000000003f5       0x17 d:/st/stm32cubeide_1.3.0/stm32cubeide/plugins/com.st.stm32cube.ide.mcu.externaltools.gnu-tools-for-stm32.7-2018-q2-update.win32_1.0.0.201904181610/tools/bin/../lib/gcc/arm-none-eabi/7.3.1/../../../../arm-none-eabi/lib/thumb/v7-m\libc_nano.a(lib_a-strlen.o)
 .ARM.attributes
                0x000000000000040c       0x1d d:/st/stm32cubeide_1.3.0/stm32cubeide/plugins/com.st.stm32cube.ide.mcu.externaltools.gnu-tools-for-stm32.7-2018-q2-update.win32_1.0.0.201904181610/tools/bin/../lib/gcc/arm-none-eabi/7.3.1/thumb/v7-m/crtn.o
OUTPUT(DW1000_simple_TX.elf elf32-littlearm)

.debug_info     0x0000000000000000     0xe27b
 .debug_info    0x0000000000000000     0x1858 Core/Src/main.o
 .debug_info    0x0000000000001858      0xb02 Core/Src/stm32f1xx_hal_msp.o
 .debug_info    0x000000000000235a      0x1fa Core/Src/stm32f1xx_it.o
 .debug_info    0x0000000000002554      0x433 Core/Src/system_stm32f1xx.o
 .debug_info    0x0000000000002987     0x29f7 Core/Src/platform/deca_device.o
 .debug_info    0x000000000000537e      0xa3c Core/Src/platform/deca_mutex.o
 .debug_info    0x0000000000005dba      0xbb8 Core/Src/platform/deca_params_init.o
 .debug_info    0x0000000000006972      0xa0c Core/Src/platform/deca_sleep.o
 .debug_info    0x000000000000737e     0x11ef Core/Src/platform/deca_spi.o
 .debug_info    0x000000000000856d     0x1506 Core/Src/platform/port.o
 .debug_info    0x0000000000009a73       0x22 Core/Startup/startup_stm32f103c8tx.o
 .debug_info    0x0000000000009a95      0x6fe Drivers/STM32F1xx_HAL_Driver/Src/stm32f1xx_hal.o
 .debug_info    0x000000000000a193      0xb46 Drivers/STM32F1xx_HAL_Driver/Src/stm32f1xx_hal_cortex.o
 .debug_info    0x000000000000acd9      0x681 Drivers/STM32F1xx_HAL_Driver/Src/stm32f1xx_hal_gpio.o
 .debug_info    0x000000000000b35a      0x804 Drivers/STM32F1xx_HAL_Driver/Src/stm32f1xx_hal_rcc.o
 .debug_info    0x000000000000bb5e     0x153a Drivers/STM32F1xx_HAL_Driver/Src/stm32f1xx_hal_spi.o
 .debug_info    0x000000000000d098     0x11e3 Drivers/STM32F1xx_HAL_Driver/Src/stm32f1xx_hal_uart.o

.debug_abbrev   0x0000000000000000     0x2210
 .debug_abbrev  0x0000000000000000      0x351 Core/Src/main.o
 .debug_abbrev  0x0000000000000351      0x18c Core/Src/stm32f1xx_hal_msp.o
 .debug_abbrev  0x00000000000004dd       0xc6 Core/Src/stm32f1xx_it.o
 .debug_abbrev  0x00000000000005a3      0x134 Core/Src/system_stm32f1xx.o
 .debug_abbrev  0x00000000000006d7      0x2f7 Core/Src/platform/deca_device.o
 .debug_abbrev  0x00000000000009ce      0x1f1 Core/Src/platform/deca_mutex.o
 .debug_abbrev  0x0000000000000bbf      0x186 Core/Src/platform/deca_params_init.o
 .debug_abbrev  0x0000000000000d45      0x1c6 Core/Src/platform/deca_sleep.o
 .debug_abbrev  0x0000000000000f0b      0x223 Core/Src/platform/deca_spi.o
 .debug_abbrev  0x000000000000112e      0x39e Core/Src/platform/port.o
 .debug_abbrev  0x00000000000014cc       0x12 Core/Startup/startup_stm32f103c8tx.o
 .debug_abbrev  0x00000000000014de      0x1d8 Drivers/STM32F1xx_HAL_Driver/Src/stm32f1xx_hal.o
 .debug_abbrev  0x00000000000016b6      0x2d5 Drivers/STM32F1xx_HAL_Driver/Src/stm32f1xx_hal_cortex.o
 .debug_abbrev  0x000000000000198b      0x1c0 Drivers/STM32F1xx_HAL_Driver/Src/stm32f1xx_hal_gpio.o
 .debug_abbrev  0x0000000000001b4b      0x243 Drivers/STM32F1xx_HAL_Driver/Src/stm32f1xx_hal_rcc.o
 .debug_abbrev  0x0000000000001d8e      0x240 Drivers/STM32F1xx_HAL_Driver/Src/stm32f1xx_hal_spi.o
 .debug_abbrev  0x0000000000001fce      0x242 Drivers/STM32F1xx_HAL_Driver/Src/stm32f1xx_hal_uart.o

.debug_aranges  0x0000000000000000      0xcd0
 .debug_aranges
                0x0000000000000000       0xb0 Core/Src/main.o
 .debug_aranges
                0x00000000000000b0       0x40 Core/Src/stm32f1xx_hal_msp.o
 .debug_aranges
                0x00000000000000f0       0x60 Core/Src/stm32f1xx_it.o
 .debug_aranges
                0x0000000000000150       0x28 Core/Src/system_stm32f1xx.o
 .debug_aranges
                0x0000000000000178      0x358 Core/Src/platform/deca_device.o
 .debug_aranges
                0x00000000000004d0       0x28 Core/Src/platform/deca_mutex.o
 .debug_aranges
                0x00000000000004f8       0x18 Core/Src/platform/deca_params_init.o
 .debug_aranges
                0x0000000000000510       0x20 Core/Src/platform/deca_sleep.o
 .debug_aranges
                0x0000000000000530       0x38 Core/Src/platform/deca_spi.o
 .debug_aranges
                0x0000000000000568       0xd8 Core/Src/platform/port.o
 .debug_aranges
                0x0000000000000640       0x28 Core/Startup/startup_stm32f103c8tx.o
 .debug_aranges
                0x0000000000000668       0xe0 Drivers/STM32F1xx_HAL_Driver/Src/stm32f1xx_hal.o
 .debug_aranges
                0x0000000000000748      0x100 Drivers/STM32F1xx_HAL_Driver/Src/stm32f1xx_hal_cortex.o
 .debug_aranges
                0x0000000000000848       0x58 Drivers/STM32F1xx_HAL_Driver/Src/stm32f1xx_hal_gpio.o
 .debug_aranges
                0x00000000000008a0       0x90 Drivers/STM32F1xx_HAL_Driver/Src/stm32f1xx_hal_rcc.o
 .debug_aranges
                0x0000000000000930      0x1d0 Drivers/STM32F1xx_HAL_Driver/Src/stm32f1xx_hal_spi.o
 .debug_aranges
                0x0000000000000b00      0x1d0 Drivers/STM32F1xx_HAL_Driver/Src/stm32f1xx_hal_uart.o

.debug_ranges   0x0000000000000000      0xbd8
 .debug_ranges  0x0000000000000000       0xb8 Core/Src/main.o
 .debug_ranges  0x00000000000000b8       0x30 Core/Src/stm32f1xx_hal_msp.o
 .debug_ranges  0x00000000000000e8       0x50 Core/Src/stm32f1xx_it.o
 .debug_ranges  0x0000000000000138       0x18 Core/Src/system_stm32f1xx.o
 .debug_ranges  0x0000000000000150      0x348 Core/Src/platform/deca_device.o
 .debug_ranges  0x0000000000000498       0x18 Core/Src/platform/deca_mutex.o
 .debug_ranges  0x00000000000004b0       0x10 Core/Src/platform/deca_sleep.o
 .debug_ranges  0x00000000000004c0       0x28 Core/Src/platform/deca_spi.o
 .debug_ranges  0x00000000000004e8       0xc8 Core/Src/platform/port.o
 .debug_ranges  0x00000000000005b0       0x20 Core/Startup/startup_stm32f103c8tx.o
 .debug_ranges  0x00000000000005d0       0xd0 Drivers/STM32F1xx_HAL_Driver/Src/stm32f1xx_hal.o
 .debug_ranges  0x00000000000006a0       0xf0 Drivers/STM32F1xx_HAL_Driver/Src/stm32f1xx_hal_cortex.o
 .debug_ranges  0x0000000000000790       0x48 Drivers/STM32F1xx_HAL_Driver/Src/stm32f1xx_hal_gpio.o
 .debug_ranges  0x00000000000007d8       0x80 Drivers/STM32F1xx_HAL_Driver/Src/stm32f1xx_hal_rcc.o
 .debug_ranges  0x0000000000000858      0x1c0 Drivers/STM32F1xx_HAL_Driver/Src/stm32f1xx_hal_spi.o
 .debug_ranges  0x0000000000000a18      0x1c0 Drivers/STM32F1xx_HAL_Driver/Src/stm32f1xx_hal_uart.o

.debug_macro    0x0000000000000000    0x16f91
 .debug_macro   0x0000000000000000      0x2c2 Core/Src/main.o
 .debug_macro   0x00000000000002c2      0xa5a Core/Src/main.o
 .debug_macro   0x0000000000000d1c      0x21b Core/Src/main.o
 .debug_macro   0x0000000000000f37       0x2e Core/Src/main.o
 .debug_macro   0x0000000000000f65       0x22 Core/Src/main.o
 .debug_macro   0x0000000000000f87       0x22 Core/Src/main.o
 .debug_macro   0x0000000000000fa9       0x8e Core/Src/main.o
 .debug_macro   0x0000000000001037       0x51 Core/Src/main.o
 .debug_macro   0x0000000000001088       0xef Core/Src/main.o
 .debug_macro   0x0000000000001177       0x6a Core/Src/main.o
 .debug_macro   0x00000000000011e1      0x1df Core/Src/main.o
 .debug_macro   0x00000000000013c0       0x1c Core/Src/main.o
 .debug_macro   0x00000000000013dc       0x22 Core/Src/main.o
 .debug_macro   0x00000000000013fe       0xc3 Core/Src/main.o
 .debug_macro   0x00000000000014c1      0xd23 Core/Src/main.o
 .debug_macro   0x00000000000021e4     0xe09e Core/Src/main.o
 .debug_macro   0x0000000000010282       0x43 Core/Src/main.o
 .debug_macro   0x00000000000102c5      0x174 Core/Src/main.o
 .debug_macro   0x0000000000010439       0x5a Core/Src/main.o
 .debug_macro   0x0000000000010493      0x5be Core/Src/main.o
 .debug_macro   0x0000000000010a51      0x289 Core/Src/main.o
 .debug_macro   0x0000000000010cda      0x1cb Core/Src/main.o
 .debug_macro   0x0000000000010ea5      0x114 Core/Src/main.o
 .debug_macro   0x0000000000010fb9      0x1b2 Core/Src/main.o
 .debug_macro   0x000000000001116b       0x27 Core/Src/main.o
 .debug_macro   0x0000000000011192      0x136 Core/Src/main.o
 .debug_macro   0x00000000000112c8      0x1bc Core/Src/main.o
 .debug_macro   0x0000000000011484       0x34 Core/Src/main.o
 .debug_macro   0x00000000000114b8       0x3c Core/Src/main.o
 .debug_macro   0x00000000000114f4       0x57 Core/Src/main.o
 .debug_macro   0x000000000001154b       0x88 Core/Src/main.o
 .debug_macro   0x00000000000115d3      0x241 Core/Src/main.o
 .debug_macro   0x0000000000011814      0x141 Core/Src/main.o
 .debug_macro   0x0000000000011955      0x217 Core/Src/main.o
 .debug_macro   0x0000000000011b6c      0x26b Core/Src/main.o
 .debug_macro   0x0000000000011dd7       0x83 Core/Src/main.o
 .debug_macro   0x0000000000011e5a       0x28 Core/Src/main.o
 .debug_macro   0x0000000000011e82       0x46 Core/Src/main.o
 .debug_macro   0x0000000000011ec8       0x18 Core/Src/main.o
 .debug_macro   0x0000000000011ee0       0x3c Core/Src/main.o
 .debug_macro   0x0000000000011f1c       0x34 Core/Src/main.o
 .debug_macro   0x0000000000011f50       0x52 Core/Src/main.o
 .debug_macro   0x0000000000011fa2       0x1f Core/Src/main.o
 .debug_macro   0x0000000000011fc1       0x43 Core/Src/main.o
 .debug_macro   0x0000000000012004       0x20 Core/Src/main.o
 .debug_macro   0x0000000000012024      0x1a3 Core/Src/main.o
 .debug_macro   0x00000000000121c7      0x32a Core/Src/main.o
 .debug_macro   0x00000000000124f1       0x10 Core/Src/main.o
 .debug_macro   0x0000000000012501       0x35 Core/Src/main.o
 .debug_macro   0x0000000000012536       0x20 Core/Src/main.o
 .debug_macro   0x0000000000012556      0x2f7 Core/Src/main.o
 .debug_macro   0x000000000001284d       0x16 Core/Src/main.o
 .debug_macro   0x0000000000012863     0x1863 Core/Src/main.o
 .debug_macro   0x00000000000140c6       0xf9 Core/Src/main.o
 .debug_macro   0x00000000000141bf      0x19e Core/Src/stm32f1xx_hal_msp.o
 .debug_macro   0x000000000001435d      0x1a8 Core/Src/stm32f1xx_it.o
 .debug_macro   0x0000000000014505      0x195 Core/Src/system_stm32f1xx.o
 .debug_macro   0x000000000001469a      0x317 Core/Src/platform/deca_device.o
 .debug_macro   0x00000000000149b1       0x2e Core/Src/platform/deca_device.o
 .debug_macro   0x00000000000149df       0x1c Core/Src/platform/deca_device.o
 .debug_macro   0x00000000000149fb       0x2e Core/Src/platform/deca_device.o
 .debug_macro   0x0000000000014a29       0x94 Core/Src/platform/deca_device.o
 .debug_macro   0x0000000000014abd      0x2d3 Core/Src/platform/deca_device.o
 .debug_macro   0x0000000000014d90      0x26e Core/Src/platform/deca_mutex.o
 .debug_macro   0x0000000000014ffe      0x2f1 Core/Src/platform/deca_mutex.o
 .debug_macro   0x00000000000152ef       0xf3 Core/Src/platform/deca_mutex.o
 .debug_macro   0x00000000000153e2      0x353 Core/Src/platform/deca_params_init.o
 .debug_macro   0x0000000000015735       0x97 Core/Src/platform/deca_params_init.o
 .debug_macro   0x00000000000157cc       0xfd Core/Src/platform/deca_params_init.o
 .debug_macro   0x00000000000158c9       0xbd Core/Src/platform/deca_params_init.o
 .debug_macro   0x0000000000015986       0x54 Core/Src/platform/deca_params_init.o
 .debug_macro   0x00000000000159da       0x8e Core/Src/platform/deca_params_init.o
 .debug_macro   0x0000000000015a68      0x278 Core/Src/platform/deca_sleep.o
 .debug_macro   0x0000000000015ce0      0x2b0 Core/Src/platform/deca_spi.o
 .debug_macro   0x0000000000015f90       0x34 Core/Src/platform/deca_spi.o
 .debug_macro   0x0000000000015fc4      0x2cd Core/Src/platform/deca_spi.o
 .debug_macro   0x0000000000016291      0x2fc Core/Src/platform/port.o
 .debug_macro   0x000000000001658d      0x1b3 Drivers/STM32F1xx_HAL_Driver/Src/stm32f1xx_hal.o
 .debug_macro   0x0000000000016740      0x18f Drivers/STM32F1xx_HAL_Driver/Src/stm32f1xx_hal_cortex.o
 .debug_macro   0x00000000000168cf      0x1fa Drivers/STM32F1xx_HAL_Driver/Src/stm32f1xx_hal_gpio.o
 .debug_macro   0x0000000000016ac9      0x1a1 Drivers/STM32F1xx_HAL_Driver/Src/stm32f1xx_hal_rcc.o
 .debug_macro   0x0000000000016c6a      0x197 Drivers/STM32F1xx_HAL_Driver/Src/stm32f1xx_hal_spi.o
 .debug_macro   0x0000000000016e01      0x190 Drivers/STM32F1xx_HAL_Driver/Src/stm32f1xx_hal_uart.o

.debug_line     0x0000000000000000     0x9bb6
 .debug_line    0x0000000000000000      0xa71 Core/Src/main.o
 .debug_line    0x0000000000000a71      0x67f Core/Src/stm32f1xx_hal_msp.o
 .debug_line    0x00000000000010f0      0x6c0 Core/Src/stm32f1xx_it.o
 .debug_line    0x00000000000017b0      0x64d Core/Src/system_stm32f1xx.o
 .debug_line    0x0000000000001dfd     0x12e8 Core/Src/platform/deca_device.o
 .debug_line    0x00000000000030e5      0x79b Core/Src/platform/deca_mutex.o
 .debug_line    0x0000000000003880      0x85c Core/Src/platform/deca_params_init.o
 .debug_line    0x00000000000040dc      0x790 Core/Src/platform/deca_sleep.o
 .debug_line    0x000000000000486c      0x83a Core/Src/platform/deca_spi.o
 .debug_line    0x00000000000050a6      0xa5a Core/Src/platform/port.o
 .debug_line    0x0000000000005b00       0x84 Core/Startup/startup_stm32f103c8tx.o
 .debug_line    0x0000000000005b84      0x7f5 Drivers/STM32F1xx_HAL_Driver/Src/stm32f1xx_hal.o
 .debug_line    0x0000000000006379      0x8ce Drivers/STM32F1xx_HAL_Driver/Src/stm32f1xx_hal_cortex.o
 .debug_line    0x0000000000006c47      0x7f5 Drivers/STM32F1xx_HAL_Driver/Src/stm32f1xx_hal_gpio.o
 .debug_line    0x000000000000743c      0x8b7 Drivers/STM32F1xx_HAL_Driver/Src/stm32f1xx_hal_rcc.o
 .debug_line    0x0000000000007cf3      0xfc3 Drivers/STM32F1xx_HAL_Driver/Src/stm32f1xx_hal_spi.o
 .debug_line    0x0000000000008cb6      0xf00 Drivers/STM32F1xx_HAL_Driver/Src/stm32f1xx_hal_uart.o

.debug_str      0x0000000000000000    0x73a81
 .debug_str     0x0000000000000000    0x6f778 Core/Src/main.o
                                      0x6fc7d (size before relaxing)
 .debug_str     0x000000000006f778       0xab Core/Src/stm32f1xx_hal_msp.o
                                      0x66290 (size before relaxing)
 .debug_str     0x000000000006f823       0xbd Core/Src/stm32f1xx_it.o
                                      0x65cfa (size before relaxing)
 .debug_str     0x000000000006f8e0       0xc2 Core/Src/system_stm32f1xx.o
                                      0x65cbb (size before relaxing)
 .debug_str     0x000000000006f9a2     0x12f0 Core/Src/platform/deca_device.o
                                      0x704e0 (size before relaxing)
 .debug_str     0x0000000000070c92       0x3b Core/Src/platform/deca_mutex.o
                                      0x69b1e (size before relaxing)
 .debug_str     0x0000000000070ccd     0x11f4 Core/Src/platform/deca_params_init.o
                                      0x70219 (size before relaxing)
 .debug_str     0x0000000000071ec1       0x40 Core/Src/platform/deca_sleep.o
                                      0x69b13 (size before relaxing)
 .debug_str     0x0000000000071f01       0xb0 Core/Src/platform/deca_spi.o
                                      0x6a1db (size before relaxing)
 .debug_str     0x0000000000071fb1      0x4ce Core/Src/platform/port.o
                                      0x6b0b7 (size before relaxing)
 .debug_str     0x000000000007247f       0x4c Core/Startup/startup_stm32f103c8tx.o
 .debug_str     0x00000000000724cb      0x3c0 Drivers/STM32F1xx_HAL_Driver/Src/stm32f1xx_hal.o
                                      0x662cc (size before relaxing)
 .debug_str     0x000000000007288b      0x259 Drivers/STM32F1xx_HAL_Driver/Src/stm32f1xx_hal_cortex.o
                                      0x662da (size before relaxing)
 .debug_str     0x0000000000072ae4      0x2ff Drivers/STM32F1xx_HAL_Driver/Src/stm32f1xx_hal_gpio.o
                                      0x66005 (size before relaxing)
 .debug_str     0x0000000000072de3      0x263 Drivers/STM32F1xx_HAL_Driver/Src/stm32f1xx_hal_rcc.o
                                      0x6603e (size before relaxing)
 .debug_str     0x0000000000073046      0x534 Drivers/STM32F1xx_HAL_Driver/Src/stm32f1xx_hal_spi.o
                                      0x6652c (size before relaxing)
 .debug_str     0x000000000007357a      0x507 Drivers/STM32F1xx_HAL_Driver/Src/stm32f1xx_hal_uart.o
                                      0x6652d (size before relaxing)

.comment        0x0000000000000000       0x7b
 .comment       0x0000000000000000       0x7b Core/Src/main.o
                                         0x7c (size before relaxing)
 .comment       0x000000000000007b       0x7c Core/Src/stm32f1xx_hal_msp.o
 .comment       0x000000000000007b       0x7c Core/Src/stm32f1xx_it.o
 .comment       0x000000000000007b       0x7c Core/Src/system_stm32f1xx.o
 .comment       0x000000000000007b       0x7c Core/Src/platform/deca_device.o
 .comment       0x000000000000007b       0x7c Core/Src/platform/deca_mutex.o
 .comment       0x000000000000007b       0x7c Core/Src/platform/deca_params_init.o
 .comment       0x000000000000007b       0x7c Core/Src/platform/deca_sleep.o
 .comment       0x000000000000007b       0x7c Core/Src/platform/deca_spi.o
 .comment       0x000000000000007b       0x7c Core/Src/platform/port.o
 .comment       0x000000000000007b       0x7c Drivers/STM32F1xx_HAL_Driver/Src/stm32f1xx_hal.o
 .comment       0x000000000000007b       0x7c Drivers/STM32F1xx_HAL_Driver/Src/stm32f1xx_hal_cortex.o
 .comment       0x000000000000007b       0x7c Drivers/STM32F1xx_HAL_Driver/Src/stm32f1xx_hal_gpio.o
 .comment       0x000000000000007b       0x7c Drivers/STM32F1xx_HAL_Driver/Src/stm32f1xx_hal_rcc.o
 .comment       0x000000000000007b       0x7c Drivers/STM32F1xx_HAL_Driver/Src/stm32f1xx_hal_spi.o
 .comment       0x000000000000007b       0x7c Drivers/STM32F1xx_HAL_Driver/Src/stm32f1xx_hal_uart.o

.debug_frame    0x0000000000000000     0x32ac
 .debug_frame   0x0000000000000000      0x288 Core/Src/main.o
 .debug_frame   0x0000000000000288       0xc8 Core/Src/stm32f1xx_hal_msp.o
 .debug_frame   0x0000000000000350      0x10c Core/Src/stm32f1xx_it.o
 .debug_frame   0x000000000000045c       0x58 Core/Src/system_stm32f1xx.o
 .debug_frame   0x00000000000004b4      0xe48 Core/Src/platform/deca_device.o
 .debug_frame   0x00000000000012fc       0x58 Core/Src/platform/deca_mutex.o
 .debug_frame   0x0000000000001354       0x34 Core/Src/platform/deca_sleep.o
 .debug_frame   0x0000000000001388       0x94 Core/Src/platform/deca_spi.o
 .debug_frame   0x000000000000141c      0x328 Core/Src/platform/port.o
 .debug_frame   0x0000000000001744      0x334 Drivers/STM32F1xx_HAL_Driver/Src/stm32f1xx_hal.o
 .debug_frame   0x0000000000001a78      0x428 Drivers/STM32F1xx_HAL_Driver/Src/stm32f1xx_hal_cortex.o
 .debug_frame   0x0000000000001ea0      0x14c Drivers/STM32F1xx_HAL_Driver/Src/stm32f1xx_hal_gpio.o
 .debug_frame   0x0000000000001fec      0x21c Drivers/STM32F1xx_HAL_Driver/Src/stm32f1xx_hal_rcc.o
 .debug_frame   0x0000000000002208      0x824 Drivers/STM32F1xx_HAL_Driver/Src/stm32f1xx_hal_spi.o
 .debug_frame   0x0000000000002a2c      0x834 Drivers/STM32F1xx_HAL_Driver/Src/stm32f1xx_hal_uart.o
 .debug_frame   0x0000000000003260       0x2c d:/st/stm32cubeide_1.3.0/stm32cubeide/plugins/com.st.stm32cube.ide.mcu.externaltools.gnu-tools-for-stm32.7-2018-q2-update.win32_1.0.0.201904181610/tools/bin/../lib/gcc/arm-none-eabi/7.3.1/../../../../arm-none-eabi/lib/thumb/v7-m\libc_nano.a(lib_a-init.o)
 .debug_frame   0x000000000000328c       0x20 d:/st/stm32cubeide_1.3.0/stm32cubeide/plugins/com.st.stm32cube.ide.mcu.externaltools.gnu-tools-for-stm32.7-2018-q2-update.win32_1.0.0.201904181610/tools/bin/../lib/gcc/arm-none-eabi/7.3.1/../../../../arm-none-eabi/lib/thumb/v7-m\libc_nano.a(lib_a-memset.o)
