Archive member included to satisfy reference by file (symbol)

d:/st/stm32cubeide_1.3.0/stm32cubeide/plugins/com.st.stm32cube.ide.mcu.externaltools.gnu-tools-for-stm32.7-2018-q2-update.win32_1.0.0.201904181610/tools/bin/../lib/gcc/arm-none-eabi/7.3.1/../../../../arm-none-eabi/lib/thumb/v7-m\libc_nano.a(lib_a-errno.o)
                              Core/Src/syscalls.o (__errno)
d:/st/stm32cubeide_1.3.0/stm32cubeide/plugins/com.st.stm32cube.ide.mcu.externaltools.gnu-tools-for-stm32.7-2018-q2-update.win32_1.0.0.201904181610/tools/bin/../lib/gcc/arm-none-eabi/7.3.1/../../../../arm-none-eabi/lib/thumb/v7-m\libc_nano.a(lib_a-exit.o)
                              d:/st/stm32cubeide_1.3.0/stm32cubeide/plugins/com.st.stm32cube.ide.mcu.externaltools.gnu-tools-for-stm32.7-2018-q2-update.win32_1.0.0.201904181610/tools/bin/../lib/gcc/arm-none-eabi/7.3.1/../../../../arm-none-eabi/lib/thumb/v7-m/crt0.o (exit)
d:/st/stm32cubeide_1.3.0/stm32cubeide/plugins/com.st.stm32cube.ide.mcu.externaltools.gnu-tools-for-stm32.7-2018-q2-update.win32_1.0.0.201904181610/tools/bin/../lib/gcc/arm-none-eabi/7.3.1/../../../../arm-none-eabi/lib/thumb/v7-m\libc_nano.a(lib_a-impure.o)
                              d:/st/stm32cubeide_1.3.0/stm32cubeide/plugins/com.st.stm32cube.ide.mcu.externaltools.gnu-tools-for-stm32.7-2018-q2-update.win32_1.0.0.201904181610/tools/bin/../lib/gcc/arm-none-eabi/7.3.1/../../../../arm-none-eabi/lib/thumb/v7-m\libc_nano.a(lib_a-exit.o) (_global_impure_ptr)
d:/st/stm32cubeide_1.3.0/stm32cubeide/plugins/com.st.stm32cube.ide.mcu.externaltools.gnu-tools-for-stm32.7-2018-q2-update.win32_1.0.0.201904181610/tools/bin/../lib/gcc/arm-none-eabi/7.3.1/../../../../arm-none-eabi/lib/thumb/v7-m\libc_nano.a(lib_a-init.o)
                              d:/st/stm32cubeide_1.3.0/stm32cubeide/plugins/com.st.stm32cube.ide.mcu.externaltools.gnu-tools-for-stm32.7-2018-q2-update.win32_1.0.0.201904181610/tools/bin/../lib/gcc/arm-none-eabi/7.3.1/../../../../arm-none-eabi/lib/thumb/v7-m/crt0.o (__libc_init_array)
d:/st/stm32cubeide_1.3.0/stm32cubeide/plugins/com.st.stm32cube.ide.mcu.externaltools.gnu-tools-for-stm32.7-2018-q2-update.win32_1.0.0.201904181610/tools/bin/../lib/gcc/arm-none-eabi/7.3.1/../../../../arm-none-eabi/lib/thumb/v7-m\libc_nano.a(lib_a-memset.o)
                              d:/st/stm32cubeide_1.3.0/stm32cubeide/plugins/com.st.stm32cube.ide.mcu.externaltools.gnu-tools-for-stm32.7-2018-q2-update.win32_1.0.0.201904181610/tools/bin/../lib/gcc/arm-none-eabi/7.3.1/../../../../arm-none-eabi/lib/thumb/v7-m/crt0.o (memset)
d:/st/stm32cubeide_1.3.0/stm32cubeide/plugins/com.st.stm32cube.ide.mcu.externaltools.gnu-tools-for-stm32.7-2018-q2-update.win32_1.0.0.201904181610/tools/bin/../lib/gcc/arm-none-eabi/7.3.1/../../../../arm-none-eabi/lib/thumb/v7-m\libc_nano.a(lib_a-sprintf.o)
                              Core/Src/main.o (sprintf)
d:/st/stm32cubeide_1.3.0/stm32cubeide/plugins/com.st.stm32cube.ide.mcu.externaltools.gnu-tools-for-stm32.7-2018-q2-update.win32_1.0.0.201904181610/tools/bin/../lib/gcc/arm-none-eabi/7.3.1/../../../../arm-none-eabi/lib/thumb/v7-m\libc_nano.a(lib_a-strlen.o)
                              Core/Src/main.o (strlen)
d:/st/stm32cubeide_1.3.0/stm32cubeide/plugins/com.st.stm32cube.ide.mcu.externaltools.gnu-tools-for-stm32.7-2018-q2-update.win32_1.0.0.201904181610/tools/bin/../lib/gcc/arm-none-eabi/7.3.1/../../../../arm-none-eabi/lib/thumb/v7-m\libc_nano.a(lib_a-nano-svfprintf.o)
                              d:/st/stm32cubeide_1.3.0/stm32cubeide/plugins/com.st.stm32cube.ide.mcu.externaltools.gnu-tools-for-stm32.7-2018-q2-update.win32_1.0.0.201904181610/tools/bin/../lib/gcc/arm-none-eabi/7.3.1/../../../../arm-none-eabi/lib/thumb/v7-m\libc_nano.a(lib_a-sprintf.o) (_svfprintf_r)
d:/st/stm32cubeide_1.3.0/stm32cubeide/plugins/com.st.stm32cube.ide.mcu.externaltools.gnu-tools-for-stm32.7-2018-q2-update.win32_1.0.0.201904181610/tools/bin/../lib/gcc/arm-none-eabi/7.3.1/../../../../arm-none-eabi/lib/thumb/v7-m\libc_nano.a(lib_a-nano-vfprintf_i.o)
                              d:/st/stm32cubeide_1.3.0/stm32cubeide/plugins/com.st.stm32cube.ide.mcu.externaltools.gnu-tools-for-stm32.7-2018-q2-update.win32_1.0.0.201904181610/tools/bin/../lib/gcc/arm-none-eabi/7.3.1/../../../../arm-none-eabi/lib/thumb/v7-m\libc_nano.a(lib_a-nano-svfprintf.o) (_printf_i)
d:/st/stm32cubeide_1.3.0/stm32cubeide/plugins/com.st.stm32cube.ide.mcu.externaltools.gnu-tools-for-stm32.7-2018-q2-update.win32_1.0.0.201904181610/tools/bin/../lib/gcc/arm-none-eabi/7.3.1/../../../../arm-none-eabi/lib/thumb/v7-m\libc_nano.a(lib_a-memchr-stub.o)
                              d:/st/stm32cubeide_1.3.0/stm32cubeide/plugins/com.st.stm32cube.ide.mcu.externaltools.gnu-tools-for-stm32.7-2018-q2-update.win32_1.0.0.201904181610/tools/bin/../lib/gcc/arm-none-eabi/7.3.1/../../../../arm-none-eabi/lib/thumb/v7-m\libc_nano.a(lib_a-nano-svfprintf.o) (memchr)
[...]
Memory Configuration

Name             Origin             Length             Attributes
RAM              0x0000000020000000 0x0000000000005000 xrw
FLASH            0x0000000008000000 0x0000000000010000 xr
*default*        0x0000000000000000 0xffffffffffffffff

Linker script and memory map

LOAD d:/st/stm32cubeide_1.3.0/stm32cubeide/plugins/com.st.stm32cube.ide.mcu.externaltools.gnu-tools-for-stm32.7-2018-q2-update.win32_1.0.0.201904181610/tools/bin/../lib/gcc/arm-none-eabi/7.3.1/thumb/v7-m/crti.o
LOAD d:/st/stm32cubeide_1.3.0/stm32cubeide/plugins/com.st.stm32cube.ide.mcu.externaltools.gnu-tools-for-stm32.7-2018-q2-update.win32_1.0.0.201904181610/tools/bin/../lib/gcc/arm-none-eabi/7.3.1/thumb/v7-m/crtbegin.o
LOAD d:/st/stm32cubeide_1.3.0/stm32cubeide/plugins/com.st.stm32cube.ide.mcu.externaltools.gnu-tools-for-stm32.7-2018-q2-update.win32_1.0.0.201904181610/tools/bin/../lib/gcc/arm-none-eabi/7.3.1/../../../../arm-none-eabi/lib/thumb/v7-m/crt0.o
LOAD Core/Src/main.o
LOAD Core/Src/stm32f1xx_hal_msp.o
LOAD Core/Src/stm32f1xx_it.o
LOAD Core/Src/syscalls.o
LOAD Core/Src/sysmem.o
LOAD Core/Src/system_stm32f1xx.o
LOAD Core/Src/platform/deca_device.o
LOAD Core/Src/platform/deca_mutex.o
LOAD Core/Src/platform/deca_params_init.o
LOAD Core/Src/platform/deca_range_tables.o
LOAD Core/Src/platform/deca_sleep.o
LOAD Core/Src/platform/deca_spi.o
LOAD Core/Src/platform/port.o
LOAD Core/Src/platform/stdio.o
LOAD Core/Startup/startup_stm32f103c8tx.o
LOAD Drivers/STM32F1xx_HAL_Driver/Src/stm32f1xx_hal.o
LOAD Drivers/STM32F1xx_HAL_Driver/Src/stm32f1xx_hal_cortex.o
LOAD Drivers/STM32F1xx_HAL_Driver/Src/stm32f1xx_hal_dma.o
LOAD Drivers/STM32F1xx_HAL_Driver/Src/stm32f1xx_hal_exti.o
LOAD Drivers/STM32F1xx_HAL_Driver/Src/stm32f1xx_hal_flash.o
LOAD Drivers/STM32F1xx_HAL_Driver/Src/stm32f1xx_hal_flash_ex.o
LOAD Drivers/STM32F1xx_HAL_Driver/Src/stm32f1xx_hal_gpio.o
LOAD Drivers/STM32F1xx_HAL_Driver/Src/stm32f1xx_hal_gpio_ex.o
LOAD Drivers/STM32F1xx_HAL_Driver/Src/stm32f1xx_hal_pwr.o
LOAD Drivers/STM32F1xx_HAL_Driver/Src/stm32f1xx_hal_rcc.o
LOAD Drivers/STM32F1xx_HAL_Driver/Src/stm32f1xx_hal_rcc_ex.o
LOAD Drivers/STM32F1xx_HAL_Driver/Src/stm32f1xx_hal_spi.o
LOAD Drivers/STM32F1xx_HAL_Driver/Src/stm32f1xx_hal_tim.o
LOAD Drivers/STM32F1xx_HAL_Driver/Src/stm32f1xx_hal_tim_ex.o
LOAD Drivers/STM32F1xx_HAL_Driver/Src/stm32f1xx_hal_uart.o
START GROUP
LOAD d:/st/stm32cubeide_1.3.0/stm32cubeide/plugins/com.st.stm32cube.ide.mcu.externaltools.gnu-tools-for-stm32.7-2018-q2-update.win32_1.0.0.201904181610/tools/bin/../lib/gcc/arm-none-eabi/7.3.1/../../../../arm-none-eabi/lib/thumb/v7-m\libc_nano.a
LOAD d:/st/stm32cubeide_1.3.0/stm32cubeide/plugins/com.st.stm32cube.ide.mcu.externaltools.gnu-tools-for-stm32.7-2018-q2-update.win32_1.0.0.201904181610/tools/bin/../lib/gcc/arm-none-eabi/7.3.1/../../../../arm-none-eabi/lib/thumb/v7-m\libm.a
END GROUP
START GROUP
LOAD d:/st/stm32cubeide_1.3.0/stm32cubeide/plugins/com.st.stm32cube.ide.mcu.externaltools.gnu-tools-for-stm32.7-2018-q2-update.win32_1.0.0.201904181610/tools/bin/../lib/gcc/arm-none-eabi/7.3.1/thumb/v7-m\libgcc.a
LOAD d:/st/stm32cubeide_1.3.0/stm32cubeide/plugins/com.st.stm32cube.ide.mcu.externaltools.gnu-tools-for-stm32.7-2018-q2-update.win32_1.0.0.201904181610/tools/bin/../lib/gcc/arm-none-eabi/7.3.1/../../../../arm-none-eabi/lib/thumb/v7-m\libc_nano.a
END GROUP
START GROUP
LOAD d:/st/stm32cubeide_1.3.0/stm32cubeide/plugins/com.st.stm32cube.ide.mcu.externaltools.gnu-tools-for-stm32.7-2018-q2-update.win32_1.0.0.201904181610/tools/bin/../lib/gcc/arm-none-eabi/7.3.1/thumb/v7-m\libgcc.a
LOAD d:/st/stm32cubeide_1.3.0/stm32cubeide/plugins/com.st.stm32cube.ide.mcu.externaltools.gnu-tools-for-stm32.7-2018-q2-update.win32_1.0.0.201904181610/tools/bin/../lib/gcc/arm-none-eabi/7.3.1/../../../../arm-none-eabi/lib/thumb/v7-m\libc_nano.a
LOAD d:/st/stm32cubeide_1.3.0/stm32cubeide/plugins/com.st.stm32cube.ide.mcu.externaltools.gnu-tools-for-stm32.7-2018-q2-update.win32_1.0.0.201904181610/tools/bin/../lib/gcc/arm-none-eabi/7.3.1/../../../../arm-none-eabi/lib/thumb/v7-m\libnosys.a
END GROUP
START GROUP
LOAD d:/st/stm32cubeide_1.3.0/stm32cubeide/plugins/com.st.stm32cube.ide.mcu.externaltools.gnu-tools-for-stm32.7-2018-q2-update.win32_1.0.0.201904181610/tools/bin/../lib/gcc/arm-none-eabi/7.3.1/thumb/v7-m\libgcc.a
LOAD d:/st/stm32cubeide_1.3.0/stm32cubeide/plugins/com.st.stm32cube.ide.mcu.externaltools.gnu-tools-for-stm32.7-2018-q2-update.win32_1.0.0.201904181610/tools/bin/../lib/gcc/arm-none-eabi/7.3.1/../../../../arm-none-eabi/lib/thumb/v7-m\libc_nano.a
LOAD d:/st/stm32cubeide_1.3.0/stm32cubeide/plugins/com.st.stm32cube.ide.mcu.externaltools.gnu-tools-for-stm32.7-2018-q2-update.win32_1.0.0.201904181610/tools/bin/../lib/gcc/arm-none-eabi/7.3.1/../../../../arm-none-eabi/lib/thumb/v7-m\libnosys.a
END GROUP
LOAD d:/st/stm32cubeide_1.3.0/stm32cubeide/plugins/com.st.stm32cube.ide.mcu.externaltools.gnu-tools-for-stm32.7-2018-q2-update.win32_1.0.0.201904181610/tools/bin/../lib/gcc/arm-none-eabi/7.3.1/thumb/v7-m/crtend.o
LOAD d:/st/stm32cubeide_1.3.0/stm32cubeide/plugins/com.st.stm32cube.ide.mcu.externaltools.gnu-tools-for-stm32.7-2018-q2-update.win32_1.0.0.201904181610/tools/bin/../lib/gcc/arm-none-eabi/7.3.1/thumb/v7-m/crtn.o
                0x0000000020005000                _estack = (ORIGIN (RAM) + LENGTH (RAM))
                0x0000000000000200                _Min_Heap_Size = 0x200
                0x0000000000000400                _Min_Stack_Size = 0x400

.isr_vector     0x0000000008000000      0x10c
                0x0000000008000000                . = ALIGN (0x4)
 *(.isr_vector)
 .isr_vector    0x0000000008000000      0x10c Core/Startup/startup_stm32f103c8tx.o
                0x0000000008000000                g_pfnVectors
                0x000000000800010c                . = ALIGN (0x4)

.text           0x000000000800010c     0x3140
                0x000000000800010c                . = ALIGN (0x4)
 *(.text)
 .text          0x000000000800010c       0x40 d:/st/stm32cubeide_1.3.0/stm32cubeide/plugins/com.st.stm32cube.ide.mcu.externaltools.gnu-tools-for-stm32.7-2018-q2-update.win32_1.0.0.201904181610/tools/bin/../lib/gcc/arm-none-eabi/7.3.1/thumb/v7-m/crtbegin.o
 .text          0x000000000800014c       0x10 d:/st/stm32cubeide_1.3.0/stm32cubeide/plugins/com.st.stm32cube.ide.mcu.externaltools.gnu-tools-for-stm32.7-2018-q2-update.win32_1.0.0.201904181610/tools/bin/../lib/gcc/arm-none-eabi/7.3.1/../../../../arm-none-eabi/lib/thumb/v7-m\libc_nano.a(lib_a-strlen.o)
                0x000000000800014c                strlen
 *(.text*)
 .text.debugPrint
                0x000000000800015c       0x28 Core/Src/main.o
                0x000000000800015c                debugPrint
 .text.debugInt32Hexln
                0x0000000008000184       0x48 Core/Src/main.o
                0x0000000008000184                debugInt32Hexln
 .text.debugInt8Hex
                0x00000000080001cc       0x38 Core/Src/main.o
                0x00000000080001cc                debugInt8Hex
 .text.DW1000_init_fail
                0x0000000008000204       0x4c Core/Src/main.o
                0x0000000008000204                DW1000_init_fail
 .text.main     0x0000000008000250      0x138 Core/Src/main.o
                0x0000000008000250                main
 .text.SystemClock_Config
                0x0000000008000388       0x8a Core/Src/main.o
                0x0000000008000388                SystemClock_Config
 *fill*         0x0000000008000412        0x2 
 .text.MX_SPI1_Init
                0x0000000008000414       0x6c Core/Src/main.o
 .text.MX_USART1_UART_Init
                0x0000000008000480       0x54 Core/Src/main.o
 .text.MX_GPIO_Init
                0x00000000080004d4      0x114 Core/Src/main.o
 .text.Error_Handler
                0x00000000080005e8        0xc Core/Src/main.o
                0x00000000080005e8                Error_Handler
 .text.HAL_MspInit
                0x00000000080005f4       0x64 Core/Src/stm32f1xx_hal_msp.o
                0x00000000080005f4                HAL_MspInit
 .text.HAL_SPI_MspInit
                0x0000000008000658       0x94 Core/Src/stm32f1xx_hal_msp.o
                0x0000000008000658                HAL_SPI_MspInit
 .text.HAL_UART_MspInit
                0x00000000080006ec       0x98 Core/Src/stm32f1xx_hal_msp.o
                0x00000000080006ec                HAL_UART_MspInit
 .text.NMI_Handler
                0x0000000008000784        0xc Core/Src/stm32f1xx_it.o
                0x0000000008000784                NMI_Handler
 .text.HardFault_Handler
                0x0000000008000790        0x6 Core/Src/stm32f1xx_it.o
                0x0000000008000790                HardFault_Handler
 .text.MemManage_Handler
                0x0000000008000796        0x6 Core/Src/stm32f1xx_it.o
                0x0000000008000796                MemManage_Handler
 .text.BusFault_Handler
                0x000000000800079c        0x6 Core/Src/stm32f1xx_it.o
                0x000000000800079c                BusFault_Handler
 .text.UsageFault_Handler
                0x00000000080007a2        0x6 Core/Src/stm32f1xx_it.o
                0x00000000080007a2                UsageFault_Handler
 .text.SVC_Handler
                0x00000000080007a8        0xc Core/Src/stm32f1xx_it.o
                0x00000000080007a8                SVC_Handler
 .text.DebugMon_Handler
                0x00000000080007b4        0xc Core/Src/stm32f1xx_it.o
                0x00000000080007b4                DebugMon_Handler
 .text.PendSV_Handler
                0x00000000080007c0        0xc Core/Src/stm32f1xx_it.o
                0x00000000080007c0                PendSV_Handler
 .text.SysTick_Handler
                0x00000000080007cc        0xc Core/Src/stm32f1xx_it.o
                0x00000000080007cc                SysTick_Handler
 .text._sbrk    0x00000000080007d8       0x58 Core/Src/sysmem.o
                0x00000000080007d8                _sbrk
 .text.SystemInit
                0x0000000008000830       0x68 Core/Src/system_stm32f1xx.o
                0x0000000008000830                SystemInit
 .text.dwt_initialise
                0x0000000008000898      0x298 Core/Src/platform/deca_device.o
                0x0000000008000898                dwt_initialise
 .text.dwt_readdevid
                0x0000000008000b30       0x12 Core/Src/platform/deca_device.o
                0x0000000008000b30                dwt_readdevid
 .text.dwt_writetodevice
                0x0000000008000b42       0xb8 Core/Src/platform/deca_device.o
                0x0000000008000b42                dwt_writetodevice
 .text.dwt_readfromdevice
                0x0000000008000bfa       0xb2 Core/Src/platform/deca_device.o
                0x0000000008000bfa                dwt_readfromdevice
 .text.dwt_read32bitoffsetreg
                0x0000000008000cac       0x4e Core/Src/platform/deca_device.o
                0x0000000008000cac                dwt_read32bitoffsetreg
 .text.dwt_read16bitoffsetreg
                0x0000000008000cfa       0x3a Core/Src/platform/deca_device.o
                0x0000000008000cfa                dwt_read16bitoffsetreg
 .text.dwt_write8bitoffsetreg
                0x0000000008000d34       0x26 Core/Src/platform/deca_device.o
                0x0000000008000d34                dwt_write8bitoffsetreg
 .text.dwt_write16bitoffsetreg
                0x0000000008000d5a       0x38 Core/Src/platform/deca_device.o
                0x0000000008000d5a                dwt_write16bitoffsetreg
 .text.dwt_write32bitoffsetreg
                0x0000000008000d92       0x4e Core/Src/platform/deca_device.o
                0x0000000008000d92                dwt_write32bitoffsetreg
 .text._dwt_otpread
                0x0000000008000de0       0x3e Core/Src/platform/deca_device.o
                0x0000000008000de0                _dwt_otpread
 .text._dwt_aonarrayupload
                0x0000000008000e1e       0x1c Core/Src/platform/deca_device.o
                0x0000000008000e1e                _dwt_aonarrayupload
 .text._dwt_loaducodefromrom
                0x0000000008000e3a       0x26 Core/Src/platform/deca_device.o
                0x0000000008000e3a                _dwt_loaducodefromrom
 .text._dwt_enableclocks
                0x0000000008000e60      0x134 Core/Src/platform/deca_device.o
                0x0000000008000e60                _dwt_enableclocks
 .text._dwt_disablesequencing
                0x0000000008000f94       0x18 Core/Src/platform/deca_device.o
                0x0000000008000f94                _dwt_disablesequencing
 .text.dwt_softreset
                0x0000000008000fac       0x4c Core/Src/platform/deca_device.o
                0x0000000008000fac                dwt_softreset
 .text.dwt_setxtaltrim
                0x0000000008000ff8       0x30 Core/Src/platform/deca_device.o
                0x0000000008000ff8                dwt_setxtaltrim
 .text.decamutexon
                0x0000000008001028       0x22 Core/Src/platform/deca_mutex.o
                0x0000000008001028                decamutexon
 .text.decamutexoff
                0x000000000800104a       0x1a Core/Src/platform/deca_mutex.o
                0x000000000800104a                decamutexoff
 .text.deca_sleep
                0x0000000008001064       0x16 Core/Src/platform/deca_sleep.o
                0x0000000008001064                deca_sleep
 *fill*         0x000000000800107a        0x2 
 .text.writetospi
                0x000000000800107c       0x68 Core/Src/platform/deca_spi.o
                0x000000000800107c                writetospi
 .text.readfromspi
                0x00000000080010e4       0x80 Core/Src/platform/deca_spi.o
                0x00000000080010e4                readfromspi
 .text.__NVIC_EnableIRQ
                0x0000000008001164       0x38 Core/Src/platform/port.o
 .text.__NVIC_DisableIRQ
                0x000000000800119c       0x44 Core/Src/platform/port.o
 .text.usleep   0x00000000080011e0       0x50 Core/Src/platform/port.o
                0x00000000080011e0                usleep
 .text.Sleep    0x0000000008001230       0x16 Core/Src/platform/port.o
                0x0000000008001230                Sleep
 *fill*         0x0000000008001246        0x2 
 .text.EXTI_GetITEnStatus
                0x0000000008001248       0x38 Core/Src/platform/port.o
                0x0000000008001248                EXTI_GetITEnStatus
 .text.reset_DW1000
                0x0000000008001280       0x48 Core/Src/platform/port.o
                0x0000000008001280                reset_DW1000
 .text.port_set_dw1000_slowrate
                0x00000000080012c8       0x18 Core/Src/platform/port.o
                0x00000000080012c8                port_set_dw1000_slowrate
 .text.port_DisableEXT_IRQ
                0x00000000080012e0        0xe Core/Src/platform/port.o
                0x00000000080012e0                port_DisableEXT_IRQ
 .text.port_EnableEXT_IRQ
                0x00000000080012ee        0xe Core/Src/platform/port.o
                0x00000000080012ee                port_EnableEXT_IRQ
 .text.port_GetEXT_IRQStatus
                0x00000000080012fc       0x10 Core/Src/platform/port.o
                0x00000000080012fc                port_GetEXT_IRQStatus
 .text.Reset_Handler
                0x000000000800130c       0x48 Core/Startup/startup_stm32f103c8tx.o
                0x000000000800130c                Reset_Handler
 .text.Default_Handler
                0x0000000008001354        0x2 Core/Startup/startup_stm32f103c8tx.o
                0x0000000008001354                RTC_Alarm_IRQHandler
                0x0000000008001354                EXTI2_IRQHandler
                0x0000000008001354                TIM1_CC_IRQHandler
                0x0000000008001354                PVD_IRQHandler
                0x0000000008001354                EXTI3_IRQHandler
                0x0000000008001354                EXTI0_IRQHandler
                0x0000000008001354                I2C2_EV_IRQHandler
                0x0000000008001354                ADC1_2_IRQHandler
                0x0000000008001354                SPI1_IRQHandler
                0x0000000008001354                TAMPER_IRQHandler
                0x0000000008001354                DMA1_Channel4_IRQHandler
                0x0000000008001354                USART3_IRQHandler
                0x0000000008001354                RTC_IRQHandler
                0x0000000008001354                DMA1_Channel7_IRQHandler
                0x0000000008001354                CAN1_RX1_IRQHandler
                0x0000000008001354                TIM4_IRQHandler
                0x0000000008001354                I2C1_EV_IRQHandler
                0x0000000008001354                DMA1_Channel6_IRQHandler
                0x0000000008001354                TIM3_IRQHandler
                0x0000000008001354                RCC_IRQHandler
                0x0000000008001354                TIM1_TRG_COM_IRQHandler
                0x0000000008001354                DMA1_Channel1_IRQHandler
                0x0000000008001354                Default_Handler
                0x0000000008001354                EXTI15_10_IRQHandler
                0x0000000008001354                EXTI9_5_IRQHandler
                0x0000000008001354                SPI2_IRQHandler
                0x0000000008001354                DMA1_Channel5_IRQHandler
                0x0000000008001354                EXTI4_IRQHandler
                0x0000000008001354                USB_LP_CAN1_RX0_IRQHandler
                0x0000000008001354                USB_HP_CAN1_TX_IRQHandler
                0x0000000008001354                DMA1_Channel3_IRQHandler
                0x0000000008001354                TIM1_UP_IRQHandler
                0x0000000008001354                WWDG_IRQHandler
                0x0000000008001354                TIM2_IRQHandler
                0x0000000008001354                TIM1_BRK_IRQHandler
                0x0000000008001354                EXTI1_IRQHandler
                0x0000000008001354                USART2_IRQHandler
                0x0000000008001354                I2C2_ER_IRQHandler
                0x0000000008001354                DMA1_Channel2_IRQHandler
                0x0000000008001354                CAN1_SCE_IRQHandler
                0x0000000008001354                FLASH_IRQHandler
                0x0000000008001354                USART1_IRQHandler
                0x0000000008001354                I2C1_ER_IRQHandler
                0x0000000008001354                USBWakeUp_IRQHandler
 *fill*         0x0000000008001356        0x2 
 .text.HAL_Init
                0x0000000008001358       0x2c Drivers/STM32F1xx_HAL_Driver/Src/stm32f1xx_hal.o
                0x0000000008001358                HAL_Init
 .text.HAL_InitTick
                0x0000000008001384       0x60 Drivers/STM32F1xx_HAL_Driver/Src/stm32f1xx_hal.o
                0x0000000008001384                HAL_InitTick
 .text.HAL_IncTick
                0x00000000080013e4       0x24 Drivers/STM32F1xx_HAL_Driver/Src/stm32f1xx_hal.o
                0x00000000080013e4                HAL_IncTick
 .text.HAL_GetTick
                0x0000000008001408       0x14 Drivers/STM32F1xx_HAL_Driver/Src/stm32f1xx_hal.o
                0x0000000008001408                HAL_GetTick
 .text.HAL_Delay
                0x000000000800141c       0x44 Drivers/STM32F1xx_HAL_Driver/Src/stm32f1xx_hal.o
                0x000000000800141c                HAL_Delay
 .text.__NVIC_SetPriorityGrouping
                0x0000000008001460       0x48 Drivers/STM32F1xx_HAL_Driver/Src/stm32f1xx_hal_cortex.o
 .text.__NVIC_GetPriorityGrouping
                0x00000000080014a8       0x1c Drivers/STM32F1xx_HAL_Driver/Src/stm32f1xx_hal_cortex.o
 .text.__NVIC_SetPriority
                0x00000000080014c4       0x54 Drivers/STM32F1xx_HAL_Driver/Src/stm32f1xx_hal_cortex.o
 .text.NVIC_EncodePriority
                0x0000000008001518       0x64 Drivers/STM32F1xx_HAL_Driver/Src/stm32f1xx_hal_cortex.o
 .text.SysTick_Config
                0x000000000800157c       0x44 Drivers/STM32F1xx_HAL_Driver/Src/stm32f1xx_hal_cortex.o
 .text.HAL_NVIC_SetPriorityGrouping
                0x00000000080015c0       0x16 Drivers/STM32F1xx_HAL_Driver/Src/stm32f1xx_hal_cortex.o
                0x00000000080015c0                HAL_NVIC_SetPriorityGrouping
 .text.HAL_NVIC_SetPriority
                0x00000000080015d6       0x38 Drivers/STM32F1xx_HAL_Driver/Src/stm32f1xx_hal_cortex.o
                0x00000000080015d6                HAL_NVIC_SetPriority
 .text.HAL_SYSTICK_Config
                0x000000000800160e       0x18 Drivers/STM32F1xx_HAL_Driver/Src/stm32f1xx_hal_cortex.o
                0x000000000800160e                HAL_SYSTICK_Config
 *fill*         0x0000000008001626        0x2 
 .text.HAL_GPIO_Init
                0x0000000008001628      0x2b4 Drivers/STM32F1xx_HAL_Driver/Src/stm32f1xx_hal_gpio.o
                0x0000000008001628                HAL_GPIO_Init
 .text.HAL_GPIO_WritePin
                0x00000000080018dc       0x30 Drivers/STM32F1xx_HAL_Driver/Src/stm32f1xx_hal_gpio.o
                0x00000000080018dc                HAL_GPIO_WritePin
 .text.HAL_RCC_OscConfig
                0x000000000800190c      0x500 Drivers/STM32F1xx_HAL_Driver/Src/stm32f1xx_hal_rcc.o
                0x000000000800190c                HAL_RCC_OscConfig
 .text.HAL_RCC_ClockConfig
                0x0000000008001e0c      0x1d4 Drivers/STM32F1xx_HAL_Driver/Src/stm32f1xx_hal_rcc.o
                0x0000000008001e0c                HAL_RCC_ClockConfig
 .text.HAL_RCC_GetSysClockFreq
                0x0000000008001fe0       0xc4 Drivers/STM32F1xx_HAL_Driver/Src/stm32f1xx_hal_rcc.o
                0x0000000008001fe0                HAL_RCC_GetSysClockFreq
 .text.HAL_RCC_GetHCLKFreq
                0x00000000080020a4       0x14 Drivers/STM32F1xx_HAL_Driver/Src/stm32f1xx_hal_rcc.o
                0x00000000080020a4                HAL_RCC_GetHCLKFreq
 .text.HAL_RCC_GetPCLK1Freq
                0x00000000080020b8       0x28 Drivers/STM32F1xx_HAL_Driver/Src/stm32f1xx_hal_rcc.o
                0x00000000080020b8                HAL_RCC_GetPCLK1Freq
 .text.HAL_RCC_GetPCLK2Freq
                0x00000000080020e0       0x28 Drivers/STM32F1xx_HAL_Driver/Src/stm32f1xx_hal_rcc.o
                0x00000000080020e0                HAL_RCC_GetPCLK2Freq
 .text.RCC_Delay
                0x0000000008002108       0x3c Drivers/STM32F1xx_HAL_Driver/Src/stm32f1xx_hal_rcc.o
 .text.HAL_SPI_Init
                0x0000000008002144       0xc2 Drivers/STM32F1xx_HAL_Driver/Src/stm32f1xx_hal_spi.o
                0x0000000008002144                HAL_SPI_Init
 .text.HAL_SPI_Transmit
                0x0000000008002206      0x268 Drivers/STM32F1xx_HAL_Driver/Src/stm32f1xx_hal_spi.o
                0x0000000008002206                HAL_SPI_Transmit
 .text.HAL_SPI_GetState
                0x000000000800246e       0x1a Drivers/STM32F1xx_HAL_Driver/Src/stm32f1xx_hal_spi.o
                0x000000000800246e                HAL_SPI_GetState
 .text.SPI_WaitFlagStateUntilTimeout
                0x0000000008002488       0xd4 Drivers/STM32F1xx_HAL_Driver/Src/stm32f1xx_hal_spi.o
 .text.SPI_EndRxTxTransaction
                0x000000000800255c       0x3c Drivers/STM32F1xx_HAL_Driver/Src/stm32f1xx_hal_spi.o
 .text.HAL_UART_Init
                0x0000000008002598       0x9a Drivers/STM32F1xx_HAL_Driver/Src/stm32f1xx_hal_uart.o
                0x0000000008002598                HAL_UART_Init
 .text.HAL_UART_Transmit
                0x0000000008002632      0x132 Drivers/STM32F1xx_HAL_Driver/Src/stm32f1xx_hal_uart.o
                0x0000000008002632                HAL_UART_Transmit
 .text.UART_WaitOnFlagUntilTimeout
                0x0000000008002764       0x94 Drivers/STM32F1xx_HAL_Driver/Src/stm32f1xx_hal_uart.o
 .text.UART_SetConfig
                0x00000000080027f8      0x1b4 Drivers/STM32F1xx_HAL_Driver/Src/stm32f1xx_hal_uart.o
 .text.__errno  0x00000000080029ac        0xc d:/st/stm32cubeide_1.3.0/stm32cubeide/plugins/com.st.stm32cube.ide.mcu.externaltools.gnu-tools-for-stm32.7-2018-q2-update.win32_1.0.0.201904181610/tools/bin/../lib/gcc/arm-none-eabi/7.3.1/../../../../arm-none-eabi/lib/thumb/v7-m\libc_nano.a(lib_a-errno.o)
                0x00000000080029ac                __errno
 .text.__libc_init_array
                0x00000000080029b8       0x48 d:/st/stm32cubeide_1.3.0/stm32cubeide/plugins/com.st.stm32cube.ide.mcu.externaltools.gnu-tools-for-stm32.7-2018-q2-update.win32_1.0.0.201904181610/tools/bin/../lib/gcc/arm-none-eabi/7.3.1/../../../../arm-none-eabi/lib/thumb/v7-m\libc_nano.a(lib_a-init.o)
                0x00000000080029b8                __libc_init_array
 .text.memset   0x0000000008002a00       0x10 d:/st/stm32cubeide_1.3.0/stm32cubeide/plugins/com.st.stm32cube.ide.mcu.externaltools.gnu-tools-for-stm32.7-2018-q2-update.win32_1.0.0.201904181610/tools/bin/../lib/gcc/arm-none-eabi/7.3.1/../../../../arm-none-eabi/lib/thumb/v7-m\libc_nano.a(lib_a-memset.o)
                0x0000000008002a00                memset
 .text.sprintf  0x0000000008002a10       0x40 d:/st/stm32cubeide_1.3.0/stm32cubeide/plugins/com.st.stm32cube.ide.mcu.externaltools.gnu-tools-for-stm32.7-2018-q2-update.win32_1.0.0.201904181610/tools/bin/../lib/gcc/arm-none-eabi/7.3.1/../../../../arm-none-eabi/lib/thumb/v7-m\libc_nano.a(lib_a-sprintf.o)
                0x0000000008002a10                siprintf
                0x0000000008002a10                sprintf
 .text.__ssputs_r
                0x0000000008002a50       0xb4 d:/st/stm32cubeide_1.3.0/stm32cubeide/plugins/com.st.stm32cube.ide.mcu.externaltools.gnu-tools-for-stm32.7-2018-q2-update.win32_1.0.0.201904181610/tools/bin/../lib/gcc/arm-none-eabi/7.3.1/../../../../arm-none-eabi/lib/thumb/v7-m\libc_nano.a(lib_a-nano-svfprintf.o)
                0x0000000008002a50                __ssputs_r
 .text._svfprintf_r
                0x0000000008002b04      0x1f0 d:/st/stm32cubeide_1.3.0/stm32cubeide/plugins/com.st.stm32cube.ide.mcu.externaltools.gnu-tools-for-stm32.7-2018-q2-update.win32_1.0.0.201904181610/tools/bin/../lib/gcc/arm-none-eabi/7.3.1/../../../../arm-none-eabi/lib/thumb/v7-m\libc_nano.a(lib_a-nano-svfprintf.o)
                0x0000000008002b04                _svfiprintf_r
                0x0000000008002b04                _svfprintf_r
 .text._printf_common
                0x0000000008002cf4       0xec d:/st/stm32cubeide_1.3.0/stm32cubeide/plugins/com.st.stm32cube.ide.mcu.externaltools.gnu-tools-for-stm32.7-2018-q2-update.win32_1.0.0.201904181610/tools/bin/../lib/gcc/arm-none-eabi/7.3.1/../../../../arm-none-eabi/lib/thumb/v7-m\libc_nano.a(lib_a-nano-vfprintf_i.o)
                0x0000000008002cf4                _printf_common
 .text._printf_i
                0x0000000008002de0      0x224 d:/st/stm32cubeide_1.3.0/stm32cubeide/plugins/com.st.stm32cube.ide.mcu.externaltools.gnu-tools-for-stm32.7-2018-q2-update.win32_1.0.0.201904181610/tools/bin/../lib/gcc/arm-none-eabi/7.3.1/../../../../arm-none-eabi/lib/thumb/v7-m\libc_nano.a(lib_a-nano-vfprintf_i.o)
                0x0000000008002de0                _printf_i
 .text.memchr   0x0000000008003004       0x1c d:/st/stm32cubeide_1.3.0/stm32cubeide/plugins/com.st.stm32cube.ide.mcu.externaltools.gnu-tools-for-stm32.7-2018-q2-update.win32_1.0.0.201904181610/tools/bin/../lib/gcc/arm-none-eabi/7.3.1/../../../../arm-none-eabi/lib/thumb/v7-m\libc_nano.a(lib_a-memchr-stub.o)
                0x0000000008003004                memchr
 .text.memcpy   0x0000000008003020       0x16 d:/st/stm32cubeide_1.3.0/stm32cubeide/plugins/com.st.stm32cube.ide.mcu.externaltools.gnu-tools-for-stm32.7-2018-q2-update.win32_1.0.0.201904181610/tools/bin/../lib/gcc/arm-none-eabi/7.3.1/../../../../arm-none-eabi/lib/thumb/v7-m\libc_nano.a(lib_a-memcpy-stub.o)
                0x0000000008003020                memcpy
 .text.memmove  0x0000000008003036       0x32 d:/st/stm32cubeide_1.3.0/stm32cubeide/plugins/com.st.stm32cube.ide.mcu.externaltools.gnu-tools-for-stm32.7-2018-q2-update.win32_1.0.0.201904181610/tools/bin/../lib/gcc/arm-none-eabi/7.3.1/../../../../arm-none-eabi/lib/thumb/v7-m\libc_nano.a(lib_a-memmove.o)
                0x0000000008003036                memmove
 .text._free_r  0x0000000008003068       0x98 d:/st/stm32cubeide_1.3.0/stm32cubeide/plugins/com.st.stm32cube.ide.mcu.externaltools.gnu-tools-for-stm32.7-2018-q2-update.win32_1.0.0.201904181610/tools/bin/../lib/gcc/arm-none-eabi/7.3.1/../../../../arm-none-eabi/lib/thumb/v7-m\libc_nano.a(lib_a-nano-freer.o)
                0x0000000008003068                _free_r
 .text._malloc_r
                0x0000000008003100       0xb4 d:/st/stm32cubeide_1.3.0/stm32cubeide/plugins/com.st.stm32cube.ide.mcu.externaltools.gnu-tools-for-stm32.7-2018-q2-update.win32_1.0.0.201904181610/tools/bin/../lib/gcc/arm-none-eabi/7.3.1/../../../../arm-none-eabi/lib/thumb/v7-m\libc_nano.a(lib_a-nano-mallocr.o)
                0x0000000008003100                _malloc_r
 .text._realloc_r
                0x00000000080031b4       0x4c d:/st/stm32cubeide_1.3.0/stm32cubeide/plugins/com.st.stm32cube.ide.mcu.externaltools.gnu-tools-for-stm32.7-2018-q2-update.win32_1.0.0.201904181610/tools/bin/../lib/gcc/arm-none-eabi/7.3.1/../../../../arm-none-eabi/lib/thumb/v7-m\libc_nano.a(lib_a-nano-reallocr.o)
                0x00000000080031b4                _realloc_r
 .text._sbrk_r  0x0000000008003200       0x20 d:/st/stm32cubeide_1.3.0/stm32cubeide/plugins/com.st.stm32cube.ide.mcu.externaltools.gnu-tools-for-stm32.7-2018-q2-update.win32_1.0.0.201904181610/tools/bin/../lib/gcc/arm-none-eabi/7.3.1/../../../../arm-none-eabi/lib/thumb/v7-m\libc_nano.a(lib_a-sbrkr.o)
                0x0000000008003200                _sbrk_r
 .text.__malloc_lock
                0x0000000008003220        0x2 d:/st/stm32cubeide_1.3.0/stm32cubeide/plugins/com.st.stm32cube.ide.mcu.externaltools.gnu-tools-for-stm32.7-2018-q2-update.win32_1.0.0.201904181610/tools/bin/../lib/gcc/arm-none-eabi/7.3.1/../../../../arm-none-eabi/lib/thumb/v7-m\libc_nano.a(lib_a-mlock.o)
                0x0000000008003220                __malloc_lock
 .text.__malloc_unlock
                0x0000000008003222        0x2 d:/st/stm32cubeide_1.3.0/stm32cubeide/plugins/com.st.stm32cube.ide.mcu.externaltools.gnu-tools-for-stm32.7-2018-q2-update.win32_1.0.0.201904181610/tools/bin/../lib/gcc/arm-none-eabi/7.3.1/../../../../arm-none-eabi/lib/thumb/v7-m\libc_nano.a(lib_a-mlock.o)
                0x0000000008003222                __malloc_unlock
 .text._malloc_usable_size_r
                0x0000000008003224       0x10 d:/st/stm32cubeide_1.3.0/stm32cubeide/plugins/com.st.stm32cube.ide.mcu.externaltools.gnu-tools-for-stm32.7-2018-q2-update.win32_1.0.0.201904181610/tools/bin/../lib/gcc/arm-none-eabi/7.3.1/../../../../arm-none-eabi/lib/thumb/v7-m\libc_nano.a(lib_a-nano-msizer.o)
                0x0000000008003224                _malloc_usable_size_r
 *(.glue_7)
 .glue_7        0x0000000008003234        0x0 linker stubs
 *(.glue_7t)
 .glue_7t       0x0000000008003234        0x0 linker stubs
 *(.eh_frame)
 .eh_frame      0x0000000008003234        0x0 d:/st/stm32cubeide_1.3.0/stm32cubeide/plugins/com.st.stm32cube.ide.mcu.externaltools.gnu-tools-for-stm32.7-2018-q2-update.win32_1.0.0.201904181610/tools/bin/../lib/gcc/arm-none-eabi/7.3.1/thumb/v7-m/crtbegin.o
 *(.init)
 .init          0x0000000008003234        0x4 d:/st/stm32cubeide_1.3.0/stm32cubeide/plugins/com.st.stm32cube.ide.mcu.externaltools.gnu-tools-for-stm32.7-2018-q2-update.win32_1.0.0.201904181610/tools/bin/../lib/gcc/arm-none-eabi/7.3.1/thumb/v7-m/crti.o
                0x0000000008003234                _init
 .init          0x0000000008003238        0x8 d:/st/stm32cubeide_1.3.0/stm32cubeide/plugins/com.st.stm32cube.ide.mcu.externaltools.gnu-tools-for-stm32.7-2018-q2-update.win32_1.0.0.201904181610/tools/bin/../lib/gcc/arm-none-eabi/7.3.1/thumb/v7-m/crtn.o
 *(.fini)
 .fini          0x0000000008003240        0x4 d:/st/stm32cubeide_1.3.0/stm32cubeide/plugins/com.st.stm32cube.ide.mcu.externaltools.gnu-tools-for-stm32.7-2018-q2-update.win32_1.0.0.201904181610/tools/bin/../lib/gcc/arm-none-eabi/7.3.1/thumb/v7-m/crti.o
                0x0000000008003240                _fini
 .fini          0x0000000008003244        0x8 d:/st/stm32cubeide_1.3.0/stm32cubeide/plugins/com.st.stm32cube.ide.mcu.externaltools.gnu-tools-for-stm32.7-2018-q2-update.win32_1.0.0.201904181610/tools/bin/../lib/gcc/arm-none-eabi/7.3.1/thumb/v7-m/crtn.o
                0x000000000800324c                . = ALIGN (0x4)
                0x000000000800324c                _etext = .

.vfp11_veneer   0x000000000800324c        0x0
 .vfp11_veneer  0x000000000800324c        0x0 linker stubs

.v4_bx          0x000000000800324c        0x0
 .v4_bx         0x000000000800324c        0x0 linker stubs

.iplt           0x000000000800324c        0x0
 .iplt          0x000000000800324c        0x0 d:/st/stm32cubeide_1.3.0/stm32cubeide/plugins/com.st.stm32cube.ide.mcu.externaltools.gnu-tools-for-stm32.7-2018-q2-update.win32_1.0.0.201904181610/tools/bin/../lib/gcc/arm-none-eabi/7.3.1/thumb/v7-m/crtbegin.o

.rodata         0x000000000800324c       0xd0
                0x000000000800324c                . = ALIGN (0x4)
 *(.rodata)
 .rodata        0x000000000800324c       0x6e Core/Src/main.o
 *fill*         0x00000000080032ba        0x2 
 .rodata        0x00000000080032bc       0x12 Drivers/STM32F1xx_HAL_Driver/Src/stm32f1xx_hal_rcc.o
 *(.rodata*)
 *fill*         0x00000000080032ce        0x2 
 .rodata.AHBPrescTable
                0x00000000080032d0       0x10 Core/Src/system_stm32f1xx.o
                0x00000000080032d0                AHBPrescTable
 .rodata.APBPrescTable
                0x00000000080032e0        0x8 Core/Src/system_stm32f1xx.o
                0x00000000080032e0                APBPrescTable
 .rodata._svfprintf_r.str1.1
                0x00000000080032e8       0x11 d:/st/stm32cubeide_1.3.0/stm32cubeide/plugins/com.st.stm32cube.ide.mcu.externaltools.gnu-tools-for-stm32.7-2018-q2-update.win32_1.0.0.201904181610/tools/bin/../lib/gcc/arm-none-eabi/7.3.1/../../../../arm-none-eabi/lib/thumb/v7-m\libc_nano.a(lib_a-nano-svfprintf.o)
 .rodata._printf_i.str1.1
                0x00000000080032f9       0x22 d:/st/stm32cubeide_1.3.0/stm32cubeide/plugins/com.st.stm32cube.ide.mcu.externaltools.gnu-tools-for-stm32.7-2018-q2-update.win32_1.0.0.201904181610/tools/bin/../lib/gcc/arm-none-eabi/7.3.1/../../../../arm-none-eabi/lib/thumb/v7-m\libc_nano.a(lib_a-nano-vfprintf_i.o)
                0x000000000800331c                . = ALIGN (0x4)
 *fill*         0x000000000800331b        0x1 

.rel.dyn        0x000000000800331c        0x0
 .rel.iplt      0x000000000800331c        0x0 d:/st/stm32cubeide_1.3.0/stm32cubeide/plugins/com.st.stm32cube.ide.mcu.externaltools.gnu-tools-for-stm32.7-2018-q2-update.win32_1.0.0.201904181610/tools/bin/../lib/gcc/arm-none-eabi/7.3.1/thumb/v7-m/crtbegin.o

.ARM.extab      0x000000000800331c        0x0
                0x000000000800331c                . = ALIGN (0x4)
 *(.ARM.extab* .gnu.linkonce.armextab.*)
                0x000000000800331c                . = ALIGN (0x4)

.ARM            0x000000000800331c        0x0
                0x000000000800331c                . = ALIGN (0x4)
                0x000000000800331c                __exidx_start = .
 *(.ARM.exidx*)
                0x000000000800331c                __exidx_end = .
                0x000000000800331c                . = ALIGN (0x4)

.preinit_array  0x000000000800331c        0x0
                0x000000000800331c                . = ALIGN (0x4)
                0x000000000800331c                PROVIDE (__preinit_array_start = .)
 *(.preinit_array*)
                0x000000000800331c                PROVIDE (__preinit_array_end = .)
                0x000000000800331c                . = ALIGN (0x4)

.init_array     0x000000000800331c        0x4
                0x000000000800331c                . = ALIGN (0x4)
                0x000000000800331c                PROVIDE (__init_array_start = .)
 *(SORT_BY_NAME(.init_array.*))
 *(.init_array*)
 .init_array    0x000000000800331c        0x4 d:/st/stm32cubeide_1.3.0/stm32cubeide/plugins/com.st.stm32cube.ide.mcu.externaltools.gnu-tools-for-stm32.7-2018-q2-update.win32_1.0.0.201904181610/tools/bin/../lib/gcc/arm-none-eabi/7.3.1/thumb/v7-m/crtbegin.o
                0x0000000008003320                PROVIDE (__init_array_end = .)
                0x0000000008003320                . = ALIGN (0x4)

.fini_array     0x0000000008003320        0x4
                0x0000000008003320                . = ALIGN (0x4)
                [!provide]                        PROVIDE (__fini_array_start = .)
 *(SORT_BY_NAME(.fini_array.*))
 *(.fini_array*)
 .fini_array    0x0000000008003320        0x4 d:/st/stm32cubeide_1.3.0/stm32cubeide/plugins/com.st.stm32cube.ide.mcu.externaltools.gnu-tools-for-stm32.7-2018-q2-update.win32_1.0.0.201904181610/tools/bin/../lib/gcc/arm-none-eabi/7.3.1/thumb/v7-m/crtbegin.o
                [!provide]                        PROVIDE (__fini_array_end = .)
                0x0000000008003324                . = ALIGN (0x4)
                0x0000000008003324                _sidata = LOADADDR (.data)

.data           0x0000000020000000       0x74 load address 0x0000000008003324
                0x0000000020000000                . = ALIGN (0x4)
                0x0000000020000000                _sdata = .
 *(.data)
 *(.data*)
 .data.SystemCoreClock
                0x0000000020000000        0x4 Core/Src/system_stm32f1xx.o
                0x0000000020000000                SystemCoreClock
 .data.pdw1000local
                0x0000000020000004        0x4 Core/Src/platform/deca_device.o
 .data.uwTickPrio
                0x0000000020000008        0x4 Drivers/STM32F1xx_HAL_Driver/Src/stm32f1xx_hal.o
                0x0000000020000008                uwTickPrio
 .data.uwTickFreq
                0x000000002000000c        0x1 Drivers/STM32F1xx_HAL_Driver/Src/stm32f1xx_hal.o
                0x000000002000000c                uwTickFreq
 *fill*         0x000000002000000d        0x3 
 .data._impure_ptr
                0x0000000020000010        0x4 d:/st/stm32cubeide_1.3.0/stm32cubeide/plugins/com.st.stm32cube.ide.mcu.externaltools.gnu-tools-for-stm32.7-2018-q2-update.win32_1.0.0.201904181610/tools/bin/../lib/gcc/arm-none-eabi/7.3.1/../../../../arm-none-eabi/lib/thumb/v7-m\libc_nano.a(lib_a-impure.o)
                0x0000000020000010                _impure_ptr
 .data.impure_data
                0x0000000020000014       0x60 d:/st/stm32cubeide_1.3.0/stm32cubeide/plugins/com.st.stm32cube.ide.mcu.externaltools.gnu-tools-for-stm32.7-2018-q2-update.win32_1.0.0.201904181610/tools/bin/../lib/gcc/arm-none-eabi/7.3.1/../../../../arm-none-eabi/lib/thumb/v7-m\libc_nano.a(lib_a-impure.o)
                0x0000000020000074                . = ALIGN (0x4)
                0x0000000020000074                _edata = .

.igot.plt       0x0000000020000074        0x0 load address 0x0000000008003398
 .igot.plt      0x0000000020000074        0x0 d:/st/stm32cubeide_1.3.0/stm32cubeide/plugins/com.st.stm32cube.ide.mcu.externaltools.gnu-tools-for-stm32.7-2018-q2-update.win32_1.0.0.201904181610/tools/bin/../lib/gcc/arm-none-eabi/7.3.1/thumb/v7-m/crtbegin.o
                0x0000000020000074                . = ALIGN (0x4)

.bss            0x0000000020000074      0x100 load address 0x0000000008003398
                0x0000000020000074                _sbss = .
                0x0000000020000074                __bss_start__ = _sbss
 *(.bss)
 .bss           0x0000000020000074       0x1c d:/st/stm32cubeide_1.3.0/stm32cubeide/plugins/com.st.stm32cube.ide.mcu.externaltools.gnu-tools-for-stm32.7-2018-q2-update.win32_1.0.0.201904181610/tools/bin/../lib/gcc/arm-none-eabi/7.3.1/thumb/v7-m/crtbegin.o
 *(.bss*)
 .bss.heap_end.5149
                0x0000000020000090        0x4 Core/Src/sysmem.o
 .bss.dw1000local
                0x0000000020000094       0x38 Core/Src/platform/deca_device.o
 .bss.__malloc_free_list
                0x00000000200000cc        0x4 d:/st/stm32cubeide_1.3.0/stm32cubeide/plugins/com.st.stm32cube.ide.mcu.externaltools.gnu-tools-for-stm32.7-2018-q2-update.win32_1.0.0.201904181610/tools/bin/../lib/gcc/arm-none-eabi/7.3.1/../../../../arm-none-eabi/lib/thumb/v7-m\libc_nano.a(lib_a-nano-mallocr.o)
                0x00000000200000cc                __malloc_free_list
 .bss.__malloc_sbrk_start
                0x00000000200000d0        0x4 d:/st/stm32cubeide_1.3.0/stm32cubeide/plugins/com.st.stm32cube.ide.mcu.externaltools.gnu-tools-for-stm32.7-2018-q2-update.win32_1.0.0.201904181610/tools/bin/../lib/gcc/arm-none-eabi/7.3.1/../../../../arm-none-eabi/lib/thumb/v7-m\libc_nano.a(lib_a-nano-mallocr.o)
                0x00000000200000d0                __malloc_sbrk_start
 *(COMMON)
 COMMON         0x00000000200000d4       0x98 Core/Src/main.o
                0x00000000200000d4                huart1
                0x0000000020000114                hspi1
 COMMON         0x000000002000016c        0x4 Drivers/STM32F1xx_HAL_Driver/Src/stm32f1xx_hal.o
                0x000000002000016c                uwTick
 COMMON         0x0000000020000170        0x4 d:/st/stm32cubeide_1.3.0/stm32cubeide/plugins/com.st.stm32cube.ide.mcu.externaltools.gnu-tools-for-stm32.7-2018-q2-update.win32_1.0.0.201904181610/tools/bin/../lib/gcc/arm-none-eabi/7.3.1/../../../../arm-none-eabi/lib/thumb/v7-m\libc_nano.a(lib_a-reent.o)
                0x0000000020000170                errno
                0x0000000020000174                . = ALIGN (0x4)
                0x0000000020000174                _ebss = .
                0x0000000020000174                __bss_end__ = _ebss

._user_heap_stack
                0x0000000020000174      0x604 load address 0x0000000008003398
                0x0000000020000178                . = ALIGN (0x8)
 *fill*         0x0000000020000174        0x4 
                0x0000000020000178                PROVIDE (end = .)
                [!provide]                        PROVIDE (_end = .)
                0x0000000020000378                . = (. + _Min_Heap_Size)
 *fill*         0x0000000020000178      0x200 
                0x0000000020000778                . = (. + _Min_Stack_Size)
 *fill*         0x0000000020000378      0x400 
                0x0000000020000778                . = ALIGN (0x8)

/DISCARD/
 libc.a(*)
 libm.a(*)
 libgcc.a(*)

.ARM.attributes
                0x0000000000000000       0x29
 *(.ARM.attributes)
 .ARM.attributes
                0x0000000000000000       0x1d d:/st/stm32cubeide_1.3.0/stm32cubeide/plugins/com.st.stm32cube.ide.mcu.externaltools.gnu-tools-for-stm32.7-2018-q2-update.win32_1.0.0.201904181610/tools/bin/../lib/gcc/arm-none-eabi/7.3.1/thumb/v7-m/crti.o
 .ARM.attributes
                0x000000000000001d       0x2d d:/st/stm32cubeide_1.3.0/stm32cubeide/plugins/com.st.stm32cube.ide.mcu.externaltools.gnu-tools-for-stm32.7-2018-q2-update.win32_1.0.0.201904181610/tools/bin/../lib/gcc/arm-none-eabi/7.3.1/thumb/v7-m/crtbegin.o
 .ARM.attributes
                0x000000000000004a       0x33 Core/Src/main.o
 .ARM.attributes
                0x000000000000007d       0x33 Core/Src/stm32f1xx_hal_msp.o
 .ARM.attributes
                0x00000000000000b0       0x33 Core/Src/stm32f1xx_it.o
 .ARM.attributes
                0x00000000000000e3       0x33 Core/Src/sysmem.o
 .ARM.attributes
                0x0000000000000116       0x33 Core/Src/system_stm32f1xx.o
 .ARM.attributes
                0x0000000000000149       0x33 Core/Src/platform/deca_device.o
 .ARM.attributes
                0x000000000000017c       0x33 Core/Src/platform/deca_mutex.o
 .ARM.attributes
                0x00000000000001af       0x33 Core/Src/platform/deca_sleep.o
 .ARM.attributes
                0x00000000000001e2       0x33 Core/Src/platform/deca_spi.o
 .ARM.attributes
                0x0000000000000215       0x33 Core/Src/platform/port.o
 .ARM.attributes
                0x0000000000000248       0x21 Core/Startup/startup_stm32f103c8tx.o
 .ARM.attributes
                0x0000000000000269       0x33 Drivers/STM32F1xx_HAL_Driver/Src/stm32f1xx_hal.o
 .ARM.attributes
                0x000000000000029c       0x33 Drivers/STM32F1xx_HAL_Driver/Src/stm32f1xx_hal_cortex.o
 .ARM.attributes
                0x00000000000002cf       0x33 Drivers/STM32F1xx_HAL_Driver/Src/stm32f1xx_hal_gpio.o
 .ARM.attributes
                0x0000000000000302       0x33 Drivers/STM32F1xx_HAL_Driver/Src/stm32f1xx_hal_rcc.o
 .ARM.attributes
                0x0000000000000335       0x33 Drivers/STM32F1xx_HAL_Driver/Src/stm32f1xx_hal_spi.o
 .ARM.attributes
                0x0000000000000368       0x33 Drivers/STM32F1xx_HAL_Driver/Src/stm32f1xx_hal_uart.o
 .ARM.attributes
                0x000000000000039b       0x2d d:/st/stm32cubeide_1.3.0/stm32cubeide/plugins/com.st.stm32cube.ide.mcu.externaltools.gnu-tools-for-stm32.7-2018-q2-update.win32_1.0.0.201904181610/tools/bin/../lib/gcc/arm-none-eabi/7.3.1/../../../../arm-none-eabi/lib/thumb/v7-m\libc_nano.a(lib_a-errno.o)
 .ARM.attributes
                0x00000000000003c8       0x2d d:/st/stm32cubeide_1.3.0/stm32cubeide/plugins/com.st.stm32cube.ide.mcu.externaltools.gnu-tools-for-stm32.7-2018-q2-update.win32_1.0.0.201904181610/tools/bin/../lib/gcc/arm-none-eabi/7.3.1/../../../../arm-none-eabi/lib/thumb/v7-m\libc_nano.a(lib_a-impure.o)
 .ARM.attributes
                0x00000000000003f5       0x2d d:/st/stm32cubeide_1.3.0/stm32cubeide/plugins/com.st.stm32cube.ide.mcu.externaltools.gnu-tools-for-stm32.7-2018-q2-update.win32_1.0.0.201904181610/tools/bin/../lib/gcc/arm-none-eabi/7.3.1/../../../../arm-none-eabi/lib/thumb/v7-m\libc_nano.a(lib_a-init.o)
 .ARM.attributes
                0x0000000000000422       0x2d d:/st/stm32cubeide_1.3.0/stm32cubeide/plugins/com.st.stm32cube.ide.mcu.externaltools.gnu-tools-for-stm32.7-2018-q2-update.win32_1.0.0.201904181610/tools/bin/../lib/gcc/arm-none-eabi/7.3.1/../../../../arm-none-eabi/lib/thumb/v7-m\libc_nano.a(lib_a-memset.o)
 .ARM.attributes
                0x000000000000044f       0x2d d:/st/stm32cubeide_1.3.0/stm32cubeide/plugins/com.st.stm32cube.ide.mcu.externaltools.gnu-tools-for-stm32.7-2018-q2-update.win32_1.0.0.201904181610/tools/bin/../lib/gcc/arm-none-eabi/7.3.1/../../../../arm-none-eabi/lib/thumb/v7-m\libc_nano.a(lib_a-sprintf.o)
 .ARM.attributes
                0x000000000000047c       0x17 d:/st/stm32cubeide_1.3.0/stm32cubeide/plugins/com.st.stm32cube.ide.mcu.externaltools.gnu-tools-for-stm32.7-2018-q2-update.win32_1.0.0.201904181610/tools/bin/../lib/gcc/arm-none-eabi/7.3.1/../../../../arm-none-eabi/lib/thumb/v7-m\libc_nano.a(lib_a-strlen.o)
 .ARM.attributes
                0x0000000000000493       0x2d d:/st/stm32cubeide_1.3.0/stm32cubeide/plugins/com.st.stm32cube.ide.mcu.externaltools.gnu-tools-for-stm32.7-2018-q2-update.win32_1.0.0.201904181610/tools/bin/../lib/gcc/arm-none-eabi/7.3.1/../../../../arm-none-eabi/lib/thumb/v7-m\libc_nano.a(lib_a-nano-svfprintf.o)
 .ARM.attributes
                0x00000000000004c0       0x2d d:/st/stm32cubeide_1.3.0/stm32cubeide/plugins/com.st.stm32cube.ide.mcu.externaltools.gnu-tools-for-stm32.7-2018-q2-update.win32_1.0.0.201904181610/tools/bin/../lib/gcc/arm-none-eabi/7.3.1/../../../../arm-none-eabi/lib/thumb/v7-m\libc_nano.a(lib_a-nano-vfprintf_i.o)
 .ARM.attributes
                0x00000000000004ed       0x2d d:/st/stm32cubeide_1.3.0/stm32cubeide/plugins/com.st.stm32cube.ide.mcu.externaltools.gnu-tools-for-stm32.7-2018-q2-update.win32_1.0.0.201904181610/tools/bin/../lib/gcc/arm-none-eabi/7.3.1/../../../../arm-none-eabi/lib/thumb/v7-m\libc_nano.a(lib_a-memchr-stub.o)
 .ARM.attributes
                0x000000000000051a       0x2d d:/st/stm32cubeide_1.3.0/stm32cubeide/plugins/com.st.stm32cube.ide.mcu.externaltools.gnu-tools-for-stm32.7-2018-q2-update.win32_1.0.0.201904181610/tools/bin/../lib/gcc/arm-none-eabi/7.3.1/../../../../arm-none-eabi/lib/thumb/v7-m\libc_nano.a(lib_a-memcpy-stub.o)
 .ARM.attributes
                0x0000000000000547       0x2d d:/st/stm32cubeide_1.3.0/stm32cubeide/plugins/com.st.stm32cube.ide.mcu.externaltools.gnu-tools-for-stm32.7-2018-q2-update.win32_1.0.0.201904181610/tools/bin/../lib/gcc/arm-none-eabi/7.3.1/../../../../arm-none-eabi/lib/thumb/v7-m\libc_nano.a(lib_a-memmove.o)
 .ARM.attributes
                0x0000000000000574       0x2d d:/st/stm32cubeide_1.3.0/stm32cubeide/plugins/com.st.stm32cube.ide.mcu.externaltools.gnu-tools-for-stm32.7-2018-q2-update.win32_1.0.0.201904181610/tools/bin/../lib/gcc/arm-none-eabi/7.3.1/../../../../arm-none-eabi/lib/thumb/v7-m\libc_nano.a(lib_a-nano-freer.o)
 .ARM.attributes
                0x00000000000005a1       0x2d d:/st/stm32cubeide_1.3.0/stm32cubeide/plugins/com.st.stm32cube.ide.mcu.externaltools.gnu-tools-for-stm32.7-2018-q2-update.win32_1.0.0.201904181610/tools/bin/../lib/gcc/arm-none-eabi/7.3.1/../../../../arm-none-eabi/lib/thumb/v7-m\libc_nano.a(lib_a-nano-mallocr.o)
 .ARM.attributes
                0x00000000000005ce       0x2d d:/st/stm32cubeide_1.3.0/stm32cubeide/plugins/com.st.stm32cube.ide.mcu.externaltools.gnu-tools-for-stm32.7-2018-q2-update.win32_1.0.0.201904181610/tools/bin/../lib/gcc/arm-none-eabi/7.3.1/../../../../arm-none-eabi/lib/thumb/v7-m\libc_nano.a(lib_a-nano-reallocr.o)
 .ARM.attributes
                0x00000000000005fb       0x2d d:/st/stm32cubeide_1.3.0/stm32cubeide/plugins/com.st.stm32cube.ide.mcu.externaltools.gnu-tools-for-stm32.7-2018-q2-update.win32_1.0.0.201904181610/tools/bin/../lib/gcc/arm-none-eabi/7.3.1/../../../../arm-none-eabi/lib/thumb/v7-m\libc_nano.a(lib_a-sbrkr.o)
 .ARM.attributes
                0x0000000000000628       0x2d d:/st/stm32cubeide_1.3.0/stm32cubeide/plugins/com.st.stm32cube.ide.mcu.externaltools.gnu-tools-for-stm32.7-2018-q2-update.win32_1.0.0.201904181610/tools/bin/../lib/gcc/arm-none-eabi/7.3.1/../../../../arm-none-eabi/lib/thumb/v7-m\libc_nano.a(lib_a-mlock.o)
 .ARM.attributes
                0x0000000000000655       0x2d d:/st/stm32cubeide_1.3.0/stm32cubeide/plugins/com.st.stm32cube.ide.mcu.externaltools.gnu-tools-for-stm32.7-2018-q2-update.win32_1.0.0.201904181610/tools/bin/../lib/gcc/arm-none-eabi/7.3.1/../../../../arm-none-eabi/lib/thumb/v7-m\libc_nano.a(lib_a-nano-msizer.o)
 .ARM.attributes
                0x0000000000000682       0x2d d:/st/stm32cubeide_1.3.0/stm32cubeide/plugins/com.st.stm32cube.ide.mcu.externaltools.gnu-tools-for-stm32.7-2018-q2-update.win32_1.0.0.201904181610/tools/bin/../lib/gcc/arm-none-eabi/7.3.1/../../../../arm-none-eabi/lib/thumb/v7-m\libc_nano.a(lib_a-reent.o)
 .ARM.attributes
                0x00000000000006af       0x1d d:/st/stm32cubeide_1.3.0/stm32cubeide/plugins/com.st.stm32cube.ide.mcu.externaltools.gnu-tools-for-stm32.7-2018-q2-update.win32_1.0.0.201904181610/tools/bin/../lib/gcc/arm-none-eabi/7.3.1/thumb/v7-m/crtn.o
OUTPUT(DW1000_simple_TX.elf elf32-littlearm)

.debug_info     0x0000000000000000     0xe009
 .debug_info    0x0000000000000000     0x1882 Core/Src/main.o
 .debug_info    0x0000000000001882      0xb02 Core/Src/stm32f1xx_hal_msp.o
 .debug_info    0x0000000000002384      0x1fa Core/Src/stm32f1xx_it.o
 .debug_info    0x000000000000257e      0x91c Core/Src/sysmem.o
 .debug_info    0x0000000000002e9a      0x433 Core/Src/system_stm32f1xx.o
 .debug_info    0x00000000000032cd     0x29f7 Core/Src/platform/deca_device.o
 .debug_info    0x0000000000005cc4      0xa3c Core/Src/platform/deca_mutex.o
 .debug_info    0x0000000000006700      0xa0c Core/Src/platform/deca_sleep.o
 .debug_info    0x000000000000710c     0x11ef Core/Src/platform/deca_spi.o
 .debug_info    0x00000000000082fb     0x1506 Core/Src/platform/port.o
 .debug_info    0x0000000000009801       0x22 Core/Startup/startup_stm32f103c8tx.o
 .debug_info    0x0000000000009823      0x6fe Drivers/STM32F1xx_HAL_Driver/Src/stm32f1xx_hal.o
 .debug_info    0x0000000000009f21      0xb46 Drivers/STM32F1xx_HAL_Driver/Src/stm32f1xx_hal_cortex.o
 .debug_info    0x000000000000aa67      0x681 Drivers/STM32F1xx_HAL_Driver/Src/stm32f1xx_hal_gpio.o
 .debug_info    0x000000000000b0e8      0x804 Drivers/STM32F1xx_HAL_Driver/Src/stm32f1xx_hal_rcc.o
 .debug_info    0x000000000000b8ec     0x153a Drivers/STM32F1xx_HAL_Driver/Src/stm32f1xx_hal_spi.o
 .debug_info    0x000000000000ce26     0x11e3 Drivers/STM32F1xx_HAL_Driver/Src/stm32f1xx_hal_uart.o

.debug_abbrev   0x0000000000000000     0x2236
 .debug_abbrev  0x0000000000000000      0x342 Core/Src/main.o
 .debug_abbrev  0x0000000000000342      0x18c Core/Src/stm32f1xx_hal_msp.o
 .debug_abbrev  0x00000000000004ce       0xc6 Core/Src/stm32f1xx_it.o
 .debug_abbrev  0x0000000000000594      0x1bb Core/Src/sysmem.o
 .debug_abbrev  0x000000000000074f      0x134 Core/Src/system_stm32f1xx.o
 .debug_abbrev  0x0000000000000883      0x2f7 Core/Src/platform/deca_device.o
 .debug_abbrev  0x0000000000000b7a      0x1f1 Core/Src/platform/deca_mutex.o
 .debug_abbrev  0x0000000000000d6b      0x1c6 Core/Src/platform/deca_sleep.o
 .debug_abbrev  0x0000000000000f31      0x223 Core/Src/platform/deca_spi.o
 .debug_abbrev  0x0000000000001154      0x39e Core/Src/platform/port.o
 .debug_abbrev  0x00000000000014f2       0x12 Core/Startup/startup_stm32f103c8tx.o
 .debug_abbrev  0x0000000000001504      0x1d8 Drivers/STM32F1xx_HAL_Driver/Src/stm32f1xx_hal.o
 .debug_abbrev  0x00000000000016dc      0x2d5 Drivers/STM32F1xx_HAL_Driver/Src/stm32f1xx_hal_cortex.o
 .debug_abbrev  0x00000000000019b1      0x1c0 Drivers/STM32F1xx_HAL_Driver/Src/stm32f1xx_hal_gpio.o
 .debug_abbrev  0x0000000000001b71      0x243 Drivers/STM32F1xx_HAL_Driver/Src/stm32f1xx_hal_rcc.o
 .debug_abbrev  0x0000000000001db4      0x240 Drivers/STM32F1xx_HAL_Driver/Src/stm32f1xx_hal_spi.o
 .debug_abbrev  0x0000000000001ff4      0x242 Drivers/STM32F1xx_HAL_Driver/Src/stm32f1xx_hal_uart.o

.debug_aranges  0x0000000000000000      0xcd0
 .debug_aranges
                0x0000000000000000       0xa8 Core/Src/main.o
 .debug_aranges
                0x00000000000000a8       0x40 Core/Src/stm32f1xx_hal_msp.o
 .debug_aranges
                0x00000000000000e8       0x60 Core/Src/stm32f1xx_it.o
 .debug_aranges
                0x0000000000000148       0x20 Core/Src/sysmem.o
 .debug_aranges
                0x0000000000000168       0x28 Core/Src/system_stm32f1xx.o
 .debug_aranges
                0x0000000000000190      0x358 Core/Src/platform/deca_device.o
 .debug_aranges
                0x00000000000004e8       0x28 Core/Src/platform/deca_mutex.o
 .debug_aranges
                0x0000000000000510       0x20 Core/Src/platform/deca_sleep.o
 .debug_aranges
                0x0000000000000530       0x38 Core/Src/platform/deca_spi.o
 .debug_aranges
                0x0000000000000568       0xd8 Core/Src/platform/port.o
 .debug_aranges
                0x0000000000000640       0x28 Core/Startup/startup_stm32f103c8tx.o
 .debug_aranges
                0x0000000000000668       0xe0 Drivers/STM32F1xx_HAL_Driver/Src/stm32f1xx_hal.o
 .debug_aranges
                0x0000000000000748      0x100 Drivers/STM32F1xx_HAL_Driver/Src/stm32f1xx_hal_cortex.o
 .debug_aranges
                0x0000000000000848       0x58 Drivers/STM32F1xx_HAL_Driver/Src/stm32f1xx_hal_gpio.o
 .debug_aranges
                0x00000000000008a0       0x90 Drivers/STM32F1xx_HAL_Driver/Src/stm32f1xx_hal_rcc.o
 .debug_aranges
                0x0000000000000930      0x1d0 Drivers/STM32F1xx_HAL_Driver/Src/stm32f1xx_hal_spi.o
 .debug_aranges
                0x0000000000000b00      0x1d0 Drivers/STM32F1xx_HAL_Driver/Src/stm32f1xx_hal_uart.o

.debug_ranges   0x0000000000000000      0xbc8
 .debug_ranges  0x0000000000000000       0x98 Core/Src/main.o
 .debug_ranges  0x0000000000000098       0x30 Core/Src/stm32f1xx_hal_msp.o
 .debug_ranges  0x00000000000000c8       0x50 Core/Src/stm32f1xx_it.o
 .debug_ranges  0x0000000000000118       0x10 Core/Src/sysmem.o
 .debug_ranges  0x0000000000000128       0x18 Core/Src/system_stm32f1xx.o
 .debug_ranges  0x0000000000000140      0x348 Core/Src/platform/deca_device.o
 .debug_ranges  0x0000000000000488       0x18 Core/Src/platform/deca_mutex.o
 .debug_ranges  0x00000000000004a0       0x10 Core/Src/platform/deca_sleep.o
 .debug_ranges  0x00000000000004b0       0x28 Core/Src/platform/deca_spi.o
 .debug_ranges  0x00000000000004d8       0xc8 Core/Src/platform/port.o
 .debug_ranges  0x00000000000005a0       0x20 Core/Startup/startup_stm32f103c8tx.o
 .debug_ranges  0x00000000000005c0       0xd0 Drivers/STM32F1xx_HAL_Driver/Src/stm32f1xx_hal.o
 .debug_ranges  0x0000000000000690       0xf0 Drivers/STM32F1xx_HAL_Driver/Src/stm32f1xx_hal_cortex.o
 .debug_ranges  0x0000000000000780       0x48 Drivers/STM32F1xx_HAL_Driver/Src/stm32f1xx_hal_gpio.o
 .debug_ranges  0x00000000000007c8       0x80 Drivers/STM32F1xx_HAL_Driver/Src/stm32f1xx_hal_rcc.o
 .debug_ranges  0x0000000000000848      0x1c0 Drivers/STM32F1xx_HAL_Driver/Src/stm32f1xx_hal_spi.o
 .debug_ranges  0x0000000000000a08      0x1c0 Drivers/STM32F1xx_HAL_Driver/Src/stm32f1xx_hal_uart.o

.debug_macro    0x0000000000000000    0x16d0a
 .debug_macro   0x0000000000000000      0x2c2 Core/Src/main.o
 .debug_macro   0x00000000000002c2      0xa5a Core/Src/main.o
 .debug_macro   0x0000000000000d1c      0x21b Core/Src/main.o
 .debug_macro   0x0000000000000f37       0x2e Core/Src/main.o
 .debug_macro   0x0000000000000f65       0x22 Core/Src/main.o
 .debug_macro   0x0000000000000f87       0x22 Core/Src/main.o
 .debug_macro   0x0000000000000fa9       0x8e Core/Src/main.o
 .debug_macro   0x0000000000001037       0x51 Core/Src/main.o
 .debug_macro   0x0000000000001088       0xef Core/Src/main.o
 .debug_macro   0x0000000000001177       0x6a Core/Src/main.o
 .debug_macro   0x00000000000011e1      0x1df Core/Src/main.o
 .debug_macro   0x00000000000013c0       0x1c Core/Src/main.o
 .debug_macro   0x00000000000013dc       0x22 Core/Src/main.o
 .debug_macro   0x00000000000013fe       0xc3 Core/Src/main.o
 .debug_macro   0x00000000000014c1      0xd23 Core/Src/main.o
 .debug_macro   0x00000000000021e4     0xe09e Core/Src/main.o
 .debug_macro   0x0000000000010282       0x43 Core/Src/main.o
 .debug_macro   0x00000000000102c5      0x174 Core/Src/main.o
 .debug_macro   0x0000000000010439       0x5a Core/Src/main.o
 .debug_macro   0x0000000000010493      0x5be Core/Src/main.o
 .debug_macro   0x0000000000010a51      0x289 Core/Src/main.o
 .debug_macro   0x0000000000010cda      0x1cb Core/Src/main.o
 .debug_macro   0x0000000000010ea5      0x114 Core/Src/main.o
 .debug_macro   0x0000000000010fb9      0x1b2 Core/Src/main.o
 .debug_macro   0x000000000001116b       0x27 Core/Src/main.o
 .debug_macro   0x0000000000011192      0x136 Core/Src/main.o
 .debug_macro   0x00000000000112c8      0x1bc Core/Src/main.o
 .debug_macro   0x0000000000011484       0x34 Core/Src/main.o
 .debug_macro   0x00000000000114b8       0x3c Core/Src/main.o
 .debug_macro   0x00000000000114f4       0x57 Core/Src/main.o
 .debug_macro   0x000000000001154b       0x88 Core/Src/main.o
 .debug_macro   0x00000000000115d3      0x241 Core/Src/main.o
 .debug_macro   0x0000000000011814      0x141 Core/Src/main.o
 .debug_macro   0x0000000000011955      0x217 Core/Src/main.o
 .debug_macro   0x0000000000011b6c      0x26b Core/Src/main.o
 .debug_macro   0x0000000000011dd7       0x83 Core/Src/main.o
 .debug_macro   0x0000000000011e5a       0x28 Core/Src/main.o
 .debug_macro   0x0000000000011e82       0x46 Core/Src/main.o
 .debug_macro   0x0000000000011ec8       0x18 Core/Src/main.o
 .debug_macro   0x0000000000011ee0       0x3c Core/Src/main.o
 .debug_macro   0x0000000000011f1c       0x34 Core/Src/main.o
 .debug_macro   0x0000000000011f50       0x52 Core/Src/main.o
 .debug_macro   0x0000000000011fa2       0x1f Core/Src/main.o
 .debug_macro   0x0000000000011fc1       0x43 Core/Src/main.o
 .debug_macro   0x0000000000012004       0x20 Core/Src/main.o
 .debug_macro   0x0000000000012024      0x1a3 Core/Src/main.o
 .debug_macro   0x00000000000121c7      0x32a Core/Src/main.o
 .debug_macro   0x00000000000124f1       0x10 Core/Src/main.o
 .debug_macro   0x0000000000012501       0x35 Core/Src/main.o
 .debug_macro   0x0000000000012536       0x20 Core/Src/main.o
 .debug_macro   0x0000000000012556      0x2f7 Core/Src/main.o
 .debug_macro   0x000000000001284d       0x16 Core/Src/main.o
 .debug_macro   0x0000000000012863     0x1863 Core/Src/main.o
 .debug_macro   0x00000000000140c6       0xf9 Core/Src/main.o
 .debug_macro   0x00000000000141bf      0x19e Core/Src/stm32f1xx_hal_msp.o
 .debug_macro   0x000000000001435d      0x1a8 Core/Src/stm32f1xx_it.o
 .debug_macro   0x0000000000014505      0x1ae Core/Src/sysmem.o
 .debug_macro   0x00000000000146b3      0x23b Core/Src/sysmem.o
 .debug_macro   0x00000000000148ee       0x16 Core/Src/sysmem.o
 .debug_macro   0x0000000000014904      0x195 Core/Src/system_stm32f1xx.o
 .debug_macro   0x0000000000014a99      0x317 Core/Src/platform/deca_device.o
 .debug_macro   0x0000000000014db0       0x2e Core/Src/platform/deca_device.o
 .debug_macro   0x0000000000014dde       0x1c Core/Src/platform/deca_device.o
 .debug_macro   0x0000000000014dfa       0x2e Core/Src/platform/deca_device.o
 .debug_macro   0x0000000000014e28       0x94 Core/Src/platform/deca_device.o
 .debug_macro   0x0000000000014ebc      0x2d3 Core/Src/platform/deca_device.o
 .debug_macro   0x000000000001518f      0x26e Core/Src/platform/deca_mutex.o
 .debug_macro   0x00000000000153fd      0x2f1 Core/Src/platform/deca_mutex.o
 .debug_macro   0x00000000000156ee       0xf3 Core/Src/platform/deca_mutex.o
 .debug_macro   0x00000000000157e1      0x278 Core/Src/platform/deca_sleep.o
 .debug_macro   0x0000000000015a59      0x2b0 Core/Src/platform/deca_spi.o
 .debug_macro   0x0000000000015d09       0x34 Core/Src/platform/deca_spi.o
 .debug_macro   0x0000000000015d3d      0x2cd Core/Src/platform/deca_spi.o
 .debug_macro   0x000000000001600a      0x2fc Core/Src/platform/port.o
 .debug_macro   0x0000000000016306      0x1b3 Drivers/STM32F1xx_HAL_Driver/Src/stm32f1xx_hal.o
 .debug_macro   0x00000000000164b9      0x18f Drivers/STM32F1xx_HAL_Driver/Src/stm32f1xx_hal_cortex.o
 .debug_macro   0x0000000000016648      0x1fa Drivers/STM32F1xx_HAL_Driver/Src/stm32f1xx_hal_gpio.o
 .debug_macro   0x0000000000016842      0x1a1 Drivers/STM32F1xx_HAL_Driver/Src/stm32f1xx_hal_rcc.o
 .debug_macro   0x00000000000169e3      0x197 Drivers/STM32F1xx_HAL_Driver/Src/stm32f1xx_hal_spi.o
 .debug_macro   0x0000000000016b7a      0x190 Drivers/STM32F1xx_HAL_Driver/Src/stm32f1xx_hal_uart.o

.debug_line     0x0000000000000000     0x9858
 .debug_line    0x0000000000000000      0xa0f Core/Src/main.o
 .debug_line    0x0000000000000a0f      0x67f Core/Src/stm32f1xx_hal_msp.o
 .debug_line    0x000000000000108e      0x6c0 Core/Src/stm32f1xx_it.o
 .debug_line    0x000000000000174e      0x55e Core/Src/sysmem.o
 .debug_line    0x0000000000001cac      0x64d Core/Src/system_stm32f1xx.o
 .debug_line    0x00000000000022f9     0x12e8 Core/Src/platform/deca_device.o
 .debug_line    0x00000000000035e1      0x79b Core/Src/platform/deca_mutex.o
 .debug_line    0x0000000000003d7c      0x790 Core/Src/platform/deca_sleep.o
 .debug_line    0x000000000000450c      0x83c Core/Src/platform/deca_spi.o
 .debug_line    0x0000000000004d48      0xa5a Core/Src/platform/port.o
 .debug_line    0x00000000000057a2       0x84 Core/Startup/startup_stm32f103c8tx.o
 .debug_line    0x0000000000005826      0x7f5 Drivers/STM32F1xx_HAL_Driver/Src/stm32f1xx_hal.o
 .debug_line    0x000000000000601b      0x8ce Drivers/STM32F1xx_HAL_Driver/Src/stm32f1xx_hal_cortex.o
 .debug_line    0x00000000000068e9      0x7f5 Drivers/STM32F1xx_HAL_Driver/Src/stm32f1xx_hal_gpio.o
 .debug_line    0x00000000000070de      0x8b7 Drivers/STM32F1xx_HAL_Driver/Src/stm32f1xx_hal_rcc.o
 .debug_line    0x0000000000007995      0xfc3 Drivers/STM32F1xx_HAL_Driver/Src/stm32f1xx_hal_spi.o
 .debug_line    0x0000000000008958      0xf00 Drivers/STM32F1xx_HAL_Driver/Src/stm32f1xx_hal_uart.o

.debug_str      0x0000000000000000    0x73f1e
 .debug_str     0x0000000000000000    0x6f77f Core/Src/main.o
                                      0x6fc8e (size before relaxing)
 .debug_str     0x000000000006f77f       0xab Core/Src/stm32f1xx_hal_msp.o
                                      0x66290 (size before relaxing)
 .debug_str     0x000000000006f82a       0xbd Core/Src/stm32f1xx_it.o
                                      0x65cfa (size before relaxing)
 .debug_str     0x000000000006f8e7     0x16a0 Core/Src/sysmem.o
                                       0x7aa7 (size before relaxing)
 .debug_str     0x0000000000070f87       0xc2 Core/Src/system_stm32f1xx.o
                                      0x65cbb (size before relaxing)
 .debug_str     0x0000000000071049     0x12f0 Core/Src/platform/deca_device.o
                                      0x704e0 (size before relaxing)
 .debug_str     0x0000000000072339       0x3b Core/Src/platform/deca_mutex.o
                                      0x69b1e (size before relaxing)
 .debug_str     0x0000000000072374       0x40 Core/Src/platform/deca_sleep.o
                                      0x69b13 (size before relaxing)
 .debug_str     0x00000000000723b4       0xb0 Core/Src/platform/deca_spi.o
                                      0x6a1db (size before relaxing)
 .debug_str     0x0000000000072464      0x4ce Core/Src/platform/port.o
                                      0x6b0b7 (size before relaxing)
 .debug_str     0x0000000000072932       0x36 Core/Startup/startup_stm32f103c8tx.o
                                         0x4c (size before relaxing)
 .debug_str     0x0000000000072968      0x3c0 Drivers/STM32F1xx_HAL_Driver/Src/stm32f1xx_hal.o
                                      0x662cc (size before relaxing)
 .debug_str     0x0000000000072d28      0x259 Drivers/STM32F1xx_HAL_Driver/Src/stm32f1xx_hal_cortex.o
                                      0x662da (size before relaxing)
 .debug_str     0x0000000000072f81      0x2ff Drivers/STM32F1xx_HAL_Driver/Src/stm32f1xx_hal_gpio.o
                                      0x66005 (size before relaxing)
 .debug_str     0x0000000000073280      0x263 Drivers/STM32F1xx_HAL_Driver/Src/stm32f1xx_hal_rcc.o
                                      0x6603e (size before relaxing)
 .debug_str     0x00000000000734e3      0x534 Drivers/STM32F1xx_HAL_Driver/Src/stm32f1xx_hal_spi.o
                                      0x6652c (size before relaxing)
 .debug_str     0x0000000000073a17      0x507 Drivers/STM32F1xx_HAL_Driver/Src/stm32f1xx_hal_uart.o
                                      0x6652d (size before relaxing)

.comment        0x0000000000000000       0x7b
 .comment       0x0000000000000000       0x7b Core/Src/main.o
                                         0x7c (size before relaxing)
 .comment       0x000000000000007b       0x7c Core/Src/stm32f1xx_hal_msp.o
 .comment       0x000000000000007b       0x7c Core/Src/stm32f1xx_it.o
 .comment       0x000000000000007b       0x7c Core/Src/sysmem.o
 .comment       0x000000000000007b       0x7c Core/Src/system_stm32f1xx.o
 .comment       0x000000000000007b       0x7c Core/Src/platform/deca_device.o
 .comment       0x000000000000007b       0x7c Core/Src/platform/deca_mutex.o
 .comment       0x000000000000007b       0x7c Core/Src/platform/deca_sleep.o
 .comment       0x000000000000007b       0x7c Core/Src/platform/deca_spi.o
 .comment       0x000000000000007b       0x7c Core/Src/platform/port.o
 .comment       0x000000000000007b       0x7c Drivers/STM32F1xx_HAL_Driver/Src/stm32f1xx_hal.o
 .comment       0x000000000000007b       0x7c Drivers/STM32F1xx_HAL_Driver/Src/stm32f1xx_hal_cortex.o
 .comment       0x000000000000007b       0x7c Drivers/STM32F1xx_HAL_Driver/Src/stm32f1xx_hal_gpio.o
 .comment       0x000000000000007b       0x7c Drivers/STM32F1xx_HAL_Driver/Src/stm32f1xx_hal_rcc.o
 .comment       0x000000000000007b       0x7c Drivers/STM32F1xx_HAL_Driver/Src/stm32f1xx_hal_spi.o
 .comment       0x000000000000007b       0x7c Drivers/STM32F1xx_HAL_Driver/Src/stm32f1xx_hal_uart.o

.debug_frame    0x0000000000000000     0x3630
 .debug_frame   0x0000000000000000      0x26c Core/Src/main.o
 .debug_frame   0x000000000000026c       0xc8 Core/Src/stm32f1xx_hal_msp.o
 .debug_frame   0x0000000000000334      0x10c Core/Src/stm32f1xx_it.o
 .debug_frame   0x0000000000000440       0x34 Core/Src/sysmem.o
 .debug_frame   0x0000000000000474       0x58 Core/Src/system_stm32f1xx.o
 .debug_frame   0x00000000000004cc      0xe48 Core/Src/platform/deca_device.o
 .debug_frame   0x0000000000001314       0x58 Core/Src/platform/deca_mutex.o
 .debug_frame   0x000000000000136c       0x34 Core/Src/platform/deca_sleep.o
 .debug_frame   0x00000000000013a0       0x94 Core/Src/platform/deca_spi.o
 .debug_frame   0x0000000000001434      0x328 Core/Src/platform/port.o
 .debug_frame   0x000000000000175c      0x334 Drivers/STM32F1xx_HAL_Driver/Src/stm32f1xx_hal.o
 .debug_frame   0x0000000000001a90      0x428 Drivers/STM32F1xx_HAL_Driver/Src/stm32f1xx_hal_cortex.o
 .debug_frame   0x0000000000001eb8      0x14c Drivers/STM32F1xx_HAL_Driver/Src/stm32f1xx_hal_gpio.o
 .debug_frame   0x0000000000002004      0x21c Drivers/STM32F1xx_HAL_Driver/Src/stm32f1xx_hal_rcc.o
 .debug_frame   0x0000000000002220      0x824 Drivers/STM32F1xx_HAL_Driver/Src/stm32f1xx_hal_spi.o
 .debug_frame   0x0000000000002a44      0x834 Drivers/STM32F1xx_HAL_Driver/Src/stm32f1xx_hal_uart.o
 .debug_frame   0x0000000000003278       0x20 d:/st/stm32cubeide_1.3.0/stm32cubeide/plugins/com.st.stm32cube.ide.mcu.externaltools.gnu-tools-for-stm32.7-2018-q2-update.win32_1.0.0.201904181610/tools/bin/../lib/gcc/arm-none-eabi/7.3.1/../../../../arm-none-eabi/lib/thumb/v7-m\libc_nano.a(lib_a-errno.o)
 .debug_frame   0x0000000000003298       0x2c d:/st/stm32cubeide_1.3.0/stm32cubeide/plugins/com.st.stm32cube.ide.mcu.externaltools.gnu-tools-for-stm32.7-2018-q2-update.win32_1.0.0.201904181610/tools/bin/../lib/gcc/arm-none-eabi/7.3.1/../../../../arm-none-eabi/lib/thumb/v7-m\libc_nano.a(lib_a-init.o)
 .debug_frame   0x00000000000032c4       0x20 d:/st/stm32cubeide_1.3.0/stm32cubeide/plugins/com.st.stm32cube.ide.mcu.externaltools.gnu-tools-for-stm32.7-2018-q2-update.win32_1.0.0.201904181610/tools/bin/../lib/gcc/arm-none-eabi/7.3.1/../../../../arm-none-eabi/lib/thumb/v7-m\libc_nano.a(lib_a-memset.o)
 .debug_frame   0x00000000000032e4       0x6c d:/st/stm32cubeide_1.3.0/stm32cubeide/plugins/com.st.stm32cube.ide.mcu.externaltools.gnu-tools-for-stm32.7-2018-q2-update.win32_1.0.0.201904181610/tools/bin/../lib/gcc/arm-none-eabi/7.3.1/../../../../arm-none-eabi/lib/thumb/v7-m\libc_nano.a(lib_a-sprintf.o)
 .debug_frame   0x0000000000003350       0x90 d:/st/stm32cubeide_1.3.0/stm32cubeide/plugins/com.st.stm32cube.ide.mcu.externaltools.gnu-tools-for-stm32.7-2018-q2-update.win32_1.0.0.201904181610/tools/bin/../lib/gcc/arm-none-eabi/7.3.1/../../../../arm-none-eabi/lib/thumb/v7-m\libc_nano.a(lib_a-nano-svfprintf.o)
 .debug_frame   0x00000000000033e0       0x60 d:/st/stm32cubeide_1.3.0/stm32cubeide/plugins/com.st.stm32cube.ide.mcu.externaltools.gnu-tools-for-stm32.7-2018-q2-update.win32_1.0.0.201904181610/tools/bin/../lib/gcc/arm-none-eabi/7.3.1/../../../../arm-none-eabi/lib/thumb/v7-m\libc_nano.a(lib_a-nano-vfprintf_i.o)
 .debug_frame   0x0000000000003440       0x28 d:/st/stm32cubeide_1.3.0/stm32cubeide/plugins/com.st.stm32cube.ide.mcu.externaltools.gnu-tools-for-stm32.7-2018-q2-update.win32_1.0.0.201904181610/tools/bin/../lib/gcc/arm-none-eabi/7.3.1/../../../../arm-none-eabi/lib/thumb/v7-m\libc_nano.a(lib_a-memchr-stub.o)
 .debug_frame   0x0000000000003468       0x28 d:/st/stm32cubeide_1.3.0/stm32cubeide/plugins/com.st.stm32cube.ide.mcu.externaltools.gnu-tools-for-stm32.7-2018-q2-update.win32_1.0.0.201904181610/tools/bin/../lib/gcc/arm-none-eabi/7.3.1/../../../../arm-none-eabi/lib/thumb/v7-m\libc_nano.a(lib_a-memcpy-stub.o)
 .debug_frame   0x0000000000003490       0x28 d:/st/stm32cubeide_1.3.0/stm32cubeide/plugins/com.st.stm32cube.ide.mcu.externaltools.gnu-tools-for-stm32.7-2018-q2-update.win32_1.0.0.201904181610/tools/bin/../lib/gcc/arm-none-eabi/7.3.1/../../../../arm-none-eabi/lib/thumb/v7-m\libc_nano.a(lib_a-memmove.o)
 .debug_frame   0x00000000000034b8       0x38 d:/st/stm32cubeide_1.3.0/stm32cubeide/plugins/com.st.stm32cube.ide.mcu.externaltools.gnu-tools-for-stm32.7-2018-q2-update.win32_1.0.0.201904181610/tools/bin/../lib/gcc/arm-none-eabi/7.3.1/../../../../arm-none-eabi/lib/thumb/v7-m\libc_nano.a(lib_a-nano-freer.o)
 .debug_frame   0x00000000000034f0       0x2c d:/st/stm32cubeide_1.3.0/stm32cubeide/plugins/com.st.stm32cube.ide.mcu.externaltools.gnu-tools-for-stm32.7-2018-q2-update.win32_1.0.0.201904181610/tools/bin/../lib/gcc/arm-none-eabi/7.3.1/../../../../arm-none-eabi/lib/thumb/v7-m\libc_nano.a(lib_a-nano-mallocr.o)
 .debug_frame   0x000000000000351c       0x3c d:/st/stm32cubeide_1.3.0/stm32cubeide/plugins/com.st.stm32cube.ide.mcu.externaltools.gnu-tools-for-stm32.7-2018-q2-update.win32_1.0.0.201904181610/tools/bin/../lib/gcc/arm-none-eabi/7.3.1/../../../../arm-none-eabi/lib/thumb/v7-m\libc_nano.a(lib_a-nano-reallocr.o)
 .debug_frame   0x0000000000003558       0x2c d:/st/stm32cubeide_1.3.0/stm32cubeide/plugins/com.st.stm32cube.ide.mcu.externaltools.gnu-tools-for-stm32.7-2018-q2-update.win32_1.0.0.201904181610/tools/bin/../lib/gcc/arm-none-eabi/7.3.1/../../../../arm-none-eabi/lib/thumb/v7-m\libc_nano.a(lib_a-sbrkr.o)
 .debug_frame   0x0000000000003584       0x30 d:/st/stm32cubeide_1.3.0/stm32cubeide/plugins/com.st.stm32cube.ide.mcu.externaltools.gnu-tools-for-stm32.7-2018-q2-update.win32_1.0.0.201904181610/tools/bin/../lib/gcc/arm-none-eabi/7.3.1/../../../../arm-none-eabi/lib/thumb/v7-m\libc_nano.a(lib_a-mlock.o)
 .debug_frame   0x00000000000035b4       0x20 d:/st/stm32cubeide_1.3.0/stm32cubeide/plugins/com.st.stm32cube.ide.mcu.externaltools.gnu-tools-for-stm32.7-2018-q2-update.win32_1.0.0.201904181610/tools/bin/../lib/gcc/arm-none-eabi/7.3.1/../../../../arm-none-eabi/lib/thumb/v7-m\libc_nano.a(lib_a-nano-msizer.o)
 .debug_frame   0x00000000000035d4       0x5c d:/st/stm32cubeide_1.3.0/stm32cubeide/plugins/com.st.stm32cube.ide.mcu.externaltools.gnu-tools-for-stm32.7-2018-q2-update.win32_1.0.0.201904181610/tools/bin/../lib/gcc/arm-none-eabi/7.3.1/../../../../arm-none-eabi/lib/thumb/v7-m\libc_nano.a(lib_a-reent.o)
