main.c:55:6:long_flash	8	static
main.c:62:6:short_flash	8	static
main.c:69:6:debugPrint	8	static
main.c:75:6:debugInt32Hexln	24	static
main.c:83:6:debugInt16Hexln	16	static
main.c:91:6:debugInt8Hexln	16	static
main.c:99:6:debugInt8Hex	16	static
main.c:105:6:DWReset	8	static
main.c:112:10:DW1000_read_DeviceID	24	static
main.c:130:1:DW1000_read	32	static
main.c:144:7:DW1000_init	8	static
main.c:158:6:PrintReg	24	dynamic
main.c:166:6:printAllReg	8	static
main.c:423:6:SystemClock_Config	72	static
main.c:303:5:main	56	static
main.c:577:6:Error_Handler	0	static
