deca_device.c:106:7:dwt_apiversion	0	static
deca_device.c:123:5:dwt_setlocaldataptr	0	static
deca_device.c:347:7:dwt_otprevision	0	static
deca_device.c:506:7:dwt_geticrefvolt	0	static
deca_device.c:527:7:dwt_geticreftemp	0	static
deca_device.c:548:8:dwt_getpartid	0	static
deca_device.c:570:8:dwt_getlotid	0	static
deca_device.c:1169:6:dwt_writetodevice	16	static
deca_device.c:437:6:dwt_setgpiodirection	16	static
deca_device.c:462:6:dwt_setgpiovalue	16	static
deca_device.c:849:5:dwt_writetxdata	8	static
deca_device.c:1233:6:dwt_readfromdevice	16	static
deca_device.c:916:6:dwt_readrxdata	4	static
deca_device.c:965:7:dwt_readcarrierintegrator	16	static
deca_device.c:1026:6:dwt_readtxtimestamp	0	static
deca_device.c:1075:6:dwt_readrxtimestamp	0	static
deca_device.c:1141:6:dwt_readsystime	0	static
deca_device.c:1289:8:dwt_read32bitoffsetreg	16	static
deca_device.c:487:5:dwt_getgpiovalue	8	static
deca_device.c:590:8:dwt_readdevid	0	static
deca_device.c:1042:8:dwt_readtxtimestamphi32	0	static
deca_device.c:1058:8:dwt_readtxtimestamplo32	0	static
deca_device.c:1091:8:dwt_readrxtimestamphi32	0	static
deca_device.c:1107:8:dwt_readrxtimestamplo32	0	static
deca_device.c:1123:8:dwt_readsystimestamphi32	0	static
deca_device.c:1318:8:dwt_read16bitoffsetreg	16	static
deca_device.c:998:6:dwt_readdiagnostics	8	static
deca_device.c:1343:7:dwt_read8bitoffsetreg	16	static
deca_device.c:1366:6:dwt_write8bitoffsetreg	16	static
deca_device.c:635:6:dwt_configurefor64plen	8	static
deca_device.c:1385:6:dwt_write16bitoffsetreg	16	static
deca_device.c:364:6:dwt_setfinegraintxseq	0	static
deca_device.c:804:6:dwt_setrxantennadelay	0	static
deca_device.c:823:6:dwt_settxantennadelay	0	static
deca_device.c:1409:6:dwt_write32bitoffsetreg	16	static
deca_device.c:392:6:dwt_setlnapamode	8	static
deca_device.c:418:6:dwt_enablegpioclocks	8	static
deca_device.c:609:6:dwt_configuretxrf	8	static
deca_device.c:886:6:dwt_writetxfctrl	0	static
deca_device.c:1443:6:dwt_enableframefilter	8	static
deca_device.c:1474:6:dwt_setpanid	0	static
deca_device.c:1492:6:dwt_setaddress16	0	static
deca_device.c:1510:6:dwt_seteui	0	static
deca_device.c:1527:6:dwt_geteui	0	static
deca_device.c:1574:8:_dwt_otpread	8	static
deca_device.c:1612:8:_dwt_otpsetmrregs	48	static
deca_device.c:1753:8:_dwt_otpprogword32	24	static
deca_device.c:1861:6:_dwt_aonconfigupload	8	static
deca_device.c:1879:6:_dwt_aonarrayupload	8	static
deca_device.c:1897:6:dwt_entersleep	0	static
deca_device.c:2042:6:dwt_configuresleep	8	static
deca_device.c:2067:6:dwt_entersleepaftertx	8	static
deca_device.c:2106:5:dwt_spicswakeup	16	static
deca_device.c:2142:6:_dwt_configlde	8	static
deca_device.c:665:6:dwt_configure	32	static
deca_device.c:2223:6:dwt_setsmarttxpower	16	static
deca_device.c:2256:6:dwt_enableautoack	8	static
deca_device.c:2277:6:dwt_setdblrxbuffmode	0	static
deca_device.c:2307:6:dwt_setrxaftertxdelay	8	static
deca_device.c:2336:6:dwt_setcallbacks	8	static
deca_device.c:2355:7:dwt_checkirq	8	static
deca_device.c:2591:6:dwt_setleds	16	static
deca_device.c:2644:6:_dwt_enableclocks	16	static
deca_device.c:938:6:dwt_readaccdata	16	static
deca_device.c:1546:6:dwt_otpread	24	static
deca_device.c:1806:5:dwt_otpwriteandverify	16	static
deca_device.c:1917:6:dwt_configuresleepcnt	8	static
deca_device.c:1955:8:dwt_calibratesleepcnt	8	static
deca_device.c:2168:6:_dwt_loaducodefromrom	8	static
deca_device.c:2197:6:dwt_loadopsettabfromotp	8	static
deca_device.c:2724:6:_dwt_disablesequencing	8	static
deca_device.c:2744:6:dwt_setdelayedtrxtime	0	static
deca_device.c:2766:5:dwt_starttx	8	static
deca_device.c:2859:6:dwt_syncrxbufptrs	8	static
deca_device.c:2817:6:dwt_forcetrxoff	16	static
deca_device.c:2891:6:dwt_setsniffmode	8	static
deca_device.c:2943:6:dwt_setlowpowerlistening	8	static
deca_device.c:2521:6:dwt_lowpowerlistenisr	16	static
deca_device.c:2973:6:dwt_setsnoozetime	0	static
deca_device.c:2997:5:dwt_rxenable	16	static
deca_device.c:3048:6:dwt_setrxtimeout	16	static
deca_device.c:3090:6:dwt_setpreambledetecttimeout	0	static
deca_device.c:3120:6:dwt_setinterrupt	16	static
deca_device.c:3160:6:dwt_configeventcounters	8	static
deca_device.c:3183:6:dwt_readeventcounters	8	static
deca_device.c:3224:6:dwt_rxreset	8	static
deca_device.c:2384:6:dwt_isr	16	static
deca_device.c:3244:6:dwt_softreset	8	static
deca_device.c:3280:6:dwt_setxtaltrim	0	static
deca_device.c:178:5:dwt_initialise	24	static
deca_device.c:3299:7:dwt_getxtaltrim	8	static
deca_device.c:3316:6:dwt_configcwmode	8	static
deca_device.c:3368:6:dwt_configcontinuousframemode	8	static
deca_device.c:3417:8:dwt_readtempvbat	24	static
deca_device.c:3483:7:dwt_convertrawtemperature	8	static
deca_device.c:3509:7:dwt_convertdegtemptoraw	0	static
deca_device.c:3544:7:dwt_convertrawvoltage	8	static
deca_device.c:3571:7:dwt_convertvoltstoraw	16	static
deca_device.c:3596:7:dwt_readwakeuptemp	0	static
deca_device.c:3614:7:dwt_readwakeupvbat	0	static
deca_device.c:3635:8:dwt_calcbandwidthtempadj	48	static
deca_device.c:3736:8:_dwt_computetxpowersetting	28	static
deca_device.c:3809:9:dwt_calcpowertempadj	4	static
deca_device.c:3861:8:dwt_calcpgcount	32	static
