core_cm3.h:1511:22:__NVIC_EnableIRQ	0	static
core_cm3.h:1547:22:__NVIC_DisableIRQ	0	static,ignoring_inline_asm
port.c:47:1:portGetTickCnt	0	static
port.c:57:6:usleep	24	static,ignoring_inline_asm
port.c:77:1:Sleep	16	static
port.c:96:5:peripherals_init	4	static
port.c:105:6:spi_peripheral_init	4	static
port.c:121:10:EXTI_GetITEnStatus	16	static
port.c:144:6:reset_DW1000	24	static
port.c:174:6:setup_DW1000RSTnIRQ	32	static
port.c:209:5:port_is_boot1_low	8	static
port.c:218:5:port_is_boot1_on	16	static
port.c:228:5:port_is_switch_on	16	static
port.c:236:6:port_wakeup_dw1000	8	static
port.c:249:6:port_wakeup_dw1000_fast	16	static
port.c:281:6:port_set_dw1000_slowrate	8	static
port.c:291:6:port_set_dw1000_fastrate	8	static
port.c:315:6:HAL_GPIO_EXTI_Callback	16	static
port.c:335:15:process_deca_irq	8	static
port.c:350:15:port_DisableEXT_IRQ	8	static
port.c:359:15:port_EnableEXT_IRQ	8	static
port.c:368:19:port_GetEXT_IRQStatus	8	static
port.c:377:19:port_CheckEXT_IRQ	8	static
port.c:406:6:port_set_deca_isr	24	static
