main.c:55:6:long_flash	8	static
main.c:62:6:short_flash	8	static
main.c:69:6:debugPrint	16	static
main.c:75:6:debugInt32Hexln	32	static
main.c:83:6:debugInt16Hexln	24	static
main.c:91:6:debugInt8Hexln	24	static
main.c:99:6:debugInt8Hex	24	static
main.c:105:6:DWReset	8	static
main.c:112:10:DW1000_read_DeviceID	16	static
main.c:130:1:DW1000_read	24	static
main.c:144:7:DW1000_init	16	static
main.c:158:6:PrintReg	40	dynamic
main.c:166:6:printAllReg	8	static
main.c:303:5:main	16	static
main.c:434:6:SystemClock_Config	72	static
main.c:471:13:MX_SPI1_Init	8	static
main.c:509:13:MX_USART1_UART_Init	8	static
main.c:542:13:MX_GPIO_Init	40	static
main.c:588:6:Error_Handler	4	static
