main.c:55:6:long_flash	8	static
main.c:62:6:short_flash	8	static
main.c:69:6:debugPrint	16	static
main.c:75:6:debugInt32Hexln	32	static
main.c:83:6:debugInt16Hexln	24	static
main.c:91:6:debugInt8Hexln	24	static
main.c:99:6:debugInt8Hex	24	static
main.c:105:7:DW1000_init_fail	16	static
main.c:119:6:DW1000_initiate	8	static
main.c:136:6:spi_test	32	static
main.c:220:5:main	8	static
main.c:392:6:SystemClock_Config	72	static
main.c:430:13:MX_SPI1_Init	8	static
main.c:468:13:MX_USART1_UART_Init	8	static
main.c:501:13:MX_GPIO_Init	40	static
main.c:554:6:Error_Handler	4	static
