deca_device.c:106:7:dwt_apiversion	4	static
deca_device.c:123:5:dwt_setlocaldataptr	16	static
deca_device.c:178:5:dwt_initialise	40	static
deca_device.c:347:7:dwt_otprevision	4	static
deca_device.c:364:6:dwt_setfinegraintxseq	16	static
deca_device.c:392:6:dwt_setlnapamode	24	static
deca_device.c:418:6:dwt_enablegpioclocks	16	static
deca_device.c:437:6:dwt_setgpiodirection	24	static
deca_device.c:462:6:dwt_setgpiovalue	24	static
deca_device.c:487:5:dwt_getgpiovalue	16	static
deca_device.c:506:7:dwt_geticrefvolt	4	static
deca_device.c:527:7:dwt_geticreftemp	4	static
deca_device.c:548:8:dwt_getpartid	4	static
deca_device.c:570:8:dwt_getlotid	4	static
deca_device.c:590:8:dwt_readdevid	8	static
deca_device.c:609:6:dwt_configuretxrf	16	static
deca_device.c:635:6:dwt_configurefor64plen	16	static
deca_device.c:665:6:dwt_configure	32	static
deca_device.c:804:6:dwt_setrxantennadelay	16	static
deca_device.c:823:6:dwt_settxantennadelay	16	static
deca_device.c:849:5:dwt_writetxdata	16	static
deca_device.c:886:6:dwt_writetxfctrl	24	static
deca_device.c:916:6:dwt_readrxdata	16	static
deca_device.c:938:6:dwt_readaccdata	16	static
deca_device.c:965:7:dwt_readcarrierintegrator	24	static
deca_device.c:998:6:dwt_readdiagnostics	16	static
deca_device.c:1026:6:dwt_readtxtimestamp	16	static
deca_device.c:1042:8:dwt_readtxtimestamphi32	8	static
deca_device.c:1058:8:dwt_readtxtimestamplo32	8	static
deca_device.c:1075:6:dwt_readrxtimestamp	16	static
deca_device.c:1091:8:dwt_readrxtimestamphi32	8	static
deca_device.c:1107:8:dwt_readrxtimestamplo32	8	static
deca_device.c:1123:8:dwt_readsystimestamphi32	8	static
deca_device.c:1141:6:dwt_readsystime	16	static
deca_device.c:1169:6:dwt_writetodevice	32	static
deca_device.c:1233:6:dwt_readfromdevice	32	static
deca_device.c:1289:8:dwt_read32bitoffsetreg	32	static
deca_device.c:1318:8:dwt_read16bitoffsetreg	24	static
deca_device.c:1343:7:dwt_read8bitoffsetreg	24	static
deca_device.c:1366:6:dwt_write8bitoffsetreg	24	static
deca_device.c:1385:6:dwt_write16bitoffsetreg	32	static
deca_device.c:1409:6:dwt_write32bitoffsetreg	32	static
deca_device.c:1443:6:dwt_enableframefilter	24	static
deca_device.c:1474:6:dwt_setpanid	16	static
deca_device.c:1492:6:dwt_setaddress16	16	static
deca_device.c:1510:6:dwt_seteui	16	static
deca_device.c:1527:6:dwt_geteui	16	static
deca_device.c:1546:6:dwt_otpread	32	static
deca_device.c:1574:8:_dwt_otpread	24	static
deca_device.c:1612:8:_dwt_otpsetmrregs	32	static
deca_device.c:1753:8:_dwt_otpprogword32	24	static
deca_device.c:1806:5:dwt_otpwriteandverify	24	static
deca_device.c:1861:6:_dwt_aonconfigupload	8	static
deca_device.c:1879:6:_dwt_aonarrayupload	8	static
deca_device.c:1897:6:dwt_entersleep	8	static
deca_device.c:1917:6:dwt_configuresleepcnt	16	static
deca_device.c:1955:8:dwt_calibratesleepcnt	16	static
deca_device.c:2042:6:dwt_configuresleep	16	static
deca_device.c:2067:6:dwt_entersleepaftertx	24	static
deca_device.c:2106:5:dwt_spicswakeup	16	static
deca_device.c:2142:6:_dwt_configlde	16	static
deca_device.c:2168:6:_dwt_loaducodefromrom	8	static
deca_device.c:2197:6:dwt_loadopsettabfromotp	24	static
deca_device.c:2223:6:dwt_setsmarttxpower	24	static
deca_device.c:2256:6:dwt_enableautoack	16	static
deca_device.c:2277:6:dwt_setdblrxbuffmode	16	static
deca_device.c:2307:6:dwt_setrxaftertxdelay	24	static
deca_device.c:2336:6:dwt_setcallbacks	24	static
deca_device.c:2355:7:dwt_checkirq	8	static
deca_device.c:2384:6:dwt_isr	32	static
deca_device.c:2521:6:dwt_lowpowerlistenisr	32	static
deca_device.c:2591:6:dwt_setleds	24	static
deca_device.c:2644:6:_dwt_enableclocks	24	static
deca_device.c:2724:6:_dwt_disablesequencing	8	static
deca_device.c:2744:6:dwt_setdelayedtrxtime	16	static
deca_device.c:2766:5:dwt_starttx	24	static
deca_device.c:2817:6:dwt_forcetrxoff	16	static
deca_device.c:2859:6:dwt_syncrxbufptrs	16	static
deca_device.c:2891:6:dwt_setsniffmode	24	static
deca_device.c:2943:6:dwt_setlowpowerlistening	24	static
deca_device.c:2973:6:dwt_setsnoozetime	16	static
deca_device.c:2997:5:dwt_rxenable	24	static
deca_device.c:3048:6:dwt_setrxtimeout	24	static
deca_device.c:3090:6:dwt_setpreambledetecttimeout	16	static
deca_device.c:3120:6:dwt_setinterrupt	24	static
deca_device.c:3160:6:dwt_configeventcounters	16	static
deca_device.c:3183:6:dwt_readeventcounters	24	static
deca_device.c:3224:6:dwt_rxreset	8	static
deca_device.c:3244:6:dwt_softreset	8	static
deca_device.c:3280:6:dwt_setxtaltrim	24	static
deca_device.c:3299:7:dwt_getxtaltrim	8	static
deca_device.c:3316:6:dwt_configcwmode	16	static
deca_device.c:3368:6:dwt_configcontinuousframemode	16	static
deca_device.c:3417:8:dwt_readtempvbat	24	static
deca_device.c:3483:7:dwt_convertrawtemperature	32	static
deca_device.c:3509:7:dwt_convertdegtemptoraw	24	static
deca_device.c:3544:7:dwt_convertrawvoltage	32	static
deca_device.c:3571:7:dwt_convertvoltstoraw	32	static
deca_device.c:3596:7:dwt_readwakeuptemp	8	static
deca_device.c:3614:7:dwt_readwakeupvbat	8	static
deca_device.c:3635:8:dwt_calcbandwidthtempadj	48	static
deca_device.c:3736:8:_dwt_computetxpowersetting	32	static
deca_device.c:3809:9:dwt_calcpowertempadj	32	static
deca_device.c:3861:8:dwt_calcpgcount	40	static
