core_cm3.h:1511:22:__NVIC_EnableIRQ	16	static
core_cm3.h:1547:22:__NVIC_DisableIRQ	16	static,ignoring_inline_asm
port.c:47:1:portGetTickCnt	8	static
port.c:57:6:usleep	24	static,ignoring_inline_asm
port.c:77:1:Sleep	16	static
port.c:96:5:peripherals_init	4	static
port.c:105:6:spi_peripheral_init	4	static
port.c:121:10:EXTI_GetITEnStatus	16	static
port.c:144:6:reset_DW1000	24	static
port.c:173:6:setup_DW1000RSTnIRQ	32	static
port.c:208:5:port_is_boot1_low	8	static
port.c:217:5:port_is_boot1_on	16	static
port.c:227:5:port_is_switch_on	16	static
port.c:235:6:port_wakeup_dw1000	8	static
port.c:248:6:port_wakeup_dw1000_fast	16	static
port.c:280:6:port_set_dw1000_slowrate	8	static
port.c:290:6:port_set_dw1000_fastrate	8	static
port.c:314:6:HAL_GPIO_EXTI_Callback	16	static
port.c:334:15:process_deca_irq	8	static
port.c:349:15:port_DisableEXT_IRQ	8	static
port.c:358:15:port_EnableEXT_IRQ	8	static
port.c:367:19:port_GetEXT_IRQStatus	8	static
port.c:376:19:port_CheckEXT_IRQ	8	static
port.c:405:6:port_set_deca_isr	24	static
